C51 COMPILER V9.05   EO3100I_CFG                                                           08/07/2014 16:21:17 PAGE 1   


C51 COMPILER V9.05, COMPILATION OF MODULE EO3100I_CFG
OBJECT MODULE PLACED IN .\Output\EO3100I_CFG.obj
COMPILER INVOKED BY: C:\Keil\C51\BIN\C51.EXE EO3100I_CFG.c LARGE OPTIMIZE(9,SPEED) BROWSE MDU_R515 DEFINE(RELEASE) DEBUG
                    - OBJECTEXTEND PRINT(.\Output\EO3100I_CFG.lst) OBJECT(.\Output\EO3100I_CFG.obj)

line level    source

   1          // Generated on 2013-06-07 15:41:51 by DolphinAPIConfigurator 1.1.0.20
   2          #include "EO3100I_API.h"
   3          #include "EO3100I_CFG.h"
   4          
   5          //*********************API INIT*************************** 
   6          //Note: Function is called from startup.a51. Global variables are not yet initialized!
   7          void startupInit()
   8          {
   9   1              pwr_enableXTAL(DEFAULT_DELAY);
  10   1              //io_init(io_param);
  11   1      }
  12          
  13          void mainInit()
  14          {
  15   1              radio_init_mod(CFG_ALL);
  16   1          radio_init(RADIO_BUFF_NUM, RADIO_MATURITY_TIME);
  17   1              UART_INIT(uart_param, SET_ALL_PARAM);
  18   1          misc_init();
  19   1          pwr_selectXTAL();
  20   1      }
  21          
  22          //*********************UART PARAM***************************
  23          //! UART Rx/Tx buffers allocation
  24          volatile uint8 xdata    u8RxRing[RX_RING_SIZE];
  25          volatile uint8 xdata    u8TxRing[TX_RING_SIZE];
  26          
  27          uint8 uart_param[]      = {
  28                  BAUD_9600,        //IDX_BAUD 
  29                  RX_RING_SIZE, //IDX_RX_RING_SIZE
  30                  TX_RING_SIZE, //IDX_TX_RING_SIZE
  31          };
  32          
  33          //*********************RADIO PARAM***************************
  34          //! Radio buffers allocation
  35          volatile RADIO_BUFFER_TYPE xdata gRadioBuff[RADIO_BUFF_NUM];
  36          
  37          //*********************FILTER PARAM***************************
  38          //! Filter buffer allocation for value of filter
  39          volatile uint32 xdata u32gFilterValue[FILTER_NUM];
  40          //! Filter buffer allocation containing FILTER_TYPE (Bit 0..1 and FILTER_KIND Bit 7)
  41          volatile uint8  xdata u8gFilterCfg[FILTER_NUM];
  42          
  43          #if 0
              //*********************IO PARAM******************************
              uint8 code io_param[]  = { 
                 0x07,   //IDX_GPIO_CONF
                 0x00,   //IDX_GPIO0_CONF
                 0x0F,   //IDX_GPIO0_PULL_CONF
                 0x00,   //IDX_GPIO0_DIR
                 0x07,   //IDX_GPIO1_AN
                 0x00,   //IDX_GPIO1_CONF0
                 0x00,   //IDX_GPIO1_CONF1
                 0x03,   //IDX_GPIO1_DIG_CONF 
                 0x80,   //IDX_GPIO1_DIR
C51 COMPILER V9.05   EO3100I_CFG                                                           08/07/2014 16:21:17 PAGE 2   

                 0x7F,   //IDX_GPIO1_PULL
                 0x0C,   //IDX_GPIO2_CONF
                 0x00,   //IDX_GPIO2_DIR
                 0x00,   //IDX_GPIO0
                 0x00,   //IDX_GPIO1
                 0x00,   //IDX_GPIO2
              };
              #endif
  63          // I/O Configuration overview
  64          //
  65          //      Pin :  Interface      Direction   Pull   InitValue    Interrupt
  66          // SCSEDIO0 :  Digital I/O    In          Up     0            No     
  67          // SCLKDIO1 :  Digital I/O    In          Up     0            No     
  68          // WSDADIO2 :  Digital I/O    In          Up     0            No     
  69          // RSDADIO3 :  Digital I/O    In          Up     0            No     
  70          // ADIO0    :  Analogue I/O   In          Up     0            No     
  71          // ADIO1    :  Analogue I/O   In          Up     0            No     
  72          // ADIO2    :  Analogue I/O   In          Up     0            No     
  73          // ADIO3    :  Digital I/O    In          Up     0            No     
  74          // ADIO4    :  Digital I/O    In          Up     0            No     
  75          // ADIO5    :  Digital I/O    In          Up     0            No     
  76          // ADIO6    :  Digital I/O    In          Up     0            No     
  77          // ADIO7    :  Digital I/O    Out         None   0            No     
  78          // WXIDIO   :  Digital I/O    In          Up     0            No     
  79          // WXODIO   :  Digital I/O    In          Up     0            No     
  80          // WAKE0    :  Digital I/O    In          None   0            No     
  81          // WAKE1    :  Digital I/O    In          None   0            No     


MODULE INFORMATION:   STATIC OVERLAYABLE
   CODE SIZE        =     34    ----
   CONSTANT SIZE    =   ----    ----
   XDATA SIZE       =    636    ----
   PDATA SIZE       =   ----    ----
   DATA SIZE        =   ----    ----
   IDATA SIZE       =   ----    ----
   BIT SIZE         =   ----    ----
END OF MODULE INFORMATION.


C51 COMPILATION COMPLETE.  0 WARNING(S),  0 ERROR(S)
