BL51 BANKED LINKER/LOCATER V6.22                                                        08/07/2014  16:21:17  PAGE 1


BL51 BANKED LINKER/LOCATER V6.22, INVOKED BY:
C:\KEIL\C51\BIN\BL51.EXE .\Output\EO3100I_CFG.obj, .\Output\main.obj, .\Output\STARTUP.obj, .\Output\LRNtelegram.obj, .\
>> Output\ram0.obj, ..\..\EO3100I_LIB\EO3100I_API-ERP2.LIB TO .\Output\LithiumCO2 PRINT (.\Output\LithiumCO2.m51) RAMSIZ
>> E (256) DISABLEWARNING (15, 16)


MEMORY MODEL: LARGE WITH FLOATING POINT ARITHMETIC


INPUT MODULES INCLUDED:
  .\Output\EO3100I_CFG.obj (EO3100I_CFG)
  .\Output\main.obj (MAIN)
  .\Output\STARTUP.obj (?C_STARTUP)
  .\Output\LRNtelegram.obj (LRNTELEGRAM)
  .\Output\ram0.obj (RAM0)
  ..\..\EO3100I_LIB\EO3100I_API-ERP2.LIB (?C?CSTPTR)
  ..\..\EO3100I_LIB\EO3100I_API-ERP2.LIB (?C?ILDIX)
  ..\..\EO3100I_LIB\EO3100I_API-ERP2.LIB (?C?ILDPTR)
  ..\..\EO3100I_LIB\EO3100I_API-ERP2.LIB (?C?ISTPTR)
  ..\..\EO3100I_LIB\EO3100I_API-ERP2.LIB (?C?SLCMP)
  ..\..\EO3100I_LIB\EO3100I_API-ERP2.LIB (?C?ULCMP)
  ..\..\EO3100I_LIB\EO3100I_API-ERP2.LIB (?C?LSTXDATA)
  ..\..\EO3100I_LIB\EO3100I_API-ERP2.LIB (PRINTF)
  ..\..\EO3100I_LIB\EO3100I_API-ERP2.LIB (?C?UIDIVR515)
  ..\..\EO3100I_LIB\EO3100I_API-ERP2.LIB (?C?ULDIVR515)
  ..\..\EO3100I_LIB\EO3100I_API-ERP2.LIB (?C?LMULR515)
  ..\..\EO3100I_LIB\EO3100I_API-ERP2.LIB (?C?WAITR515)
  ..\..\EO3100I_LIB\EO3100I_API-ERP2.LIB (IO_ENABLEANALOG)
  ..\..\EO3100I_LIB\EO3100I_API-ERP2.LIB (IO_GETDIGITAL)
  ..\..\EO3100I_LIB\EO3100I_API-ERP2.LIB (IO_INIT)
  ..\..\EO3100I_LIB\EO3100I_API-ERP2.LIB (IO_SETDIGITAL)
  ..\..\EO3100I_LIB\EO3100I_API-ERP2.LIB (IO_TOGDIGITAL)
  ..\..\EO3100I_LIB\EO3100I_API-ERP2.LIB (IO_ULPMEASANALOG)
  ..\..\EO3100I_LIB\EO3100I_API-ERP2.LIB (MEM_READRAM0)
  ..\..\EO3100I_LIB\EO3100I_API-ERP2.LIB (MEM_WRITERAM0)
  ..\..\EO3100I_LIB\EO3100I_API-ERP2.LIB (MISC_INIT)
  ..\..\EO3100I_LIB\EO3100I_API-ERP2.LIB (PWR_GETSLEEPTIMERSTABLE)
  ..\..\EO3100I_LIB\EO3100I_API-ERP2.LIB (PWR_GETSYSTEMRESET)
  ..\..\EO3100I_LIB\EO3100I_API-ERP2.LIB (PWR_SETSLEEPTIMER)
  ..\..\EO3100I_LIB\EO3100I_API-ERP2.LIB (PWR_TIMERSLEEP)
  ..\..\EO3100I_LIB\EO3100I_API-ERP2.LIB (PWR_XTAL)
  ..\..\EO3100I_LIB\EO3100I_API-ERP2.LIB (RADIO_INIT_MOD)
  ..\..\EO3100I_LIB\EO3100I_API-ERP2.LIB (RADIO_INIT)
  ..\..\EO3100I_LIB\EO3100I_API-ERP2.LIB (RADIO_SENDTELEGRAM2)
  ..\..\EO3100I_LIB\EO3100I_API-ERP2.LIB (TIME_WAIT)
  ..\..\EO3100I_LIB\EO3100I_API-ERP2.LIB (UART_GETBYTE)
  ..\..\EO3100I_LIB\EO3100I_API-ERP2.LIB (UART_GETTXSTATUS)
  ..\..\EO3100I_LIB\EO3100I_API-ERP2.LIB (UART_INIT)
  ..\..\EO3100I_LIB\EO3100I_API-ERP2.LIB (UART_SENDBUFFER)
  ..\..\EO3100I_LIB\EO3100I_API-ERP2.LIB (?C?COPY)
  ..\..\EO3100I_LIB\EO3100I_API-ERP2.LIB (?C?CLDPTR)
  ..\..\EO3100I_LIB\EO3100I_API-ERP2.LIB (?C?CLDOPTR)
  ..\..\EO3100I_LIB\EO3100I_API-ERP2.LIB (?C?LLDPTR)
  ..\..\EO3100I_LIB\EO3100I_API-ERP2.LIB (?C?LSTKXDATA)
  ..\..\EO3100I_LIB\EO3100I_API-ERP2.LIB (?C?PLDIXDATA)
  ..\..\EO3100I_LIB\EO3100I_API-ERP2.LIB (?C?PSTXDATA)
  ..\..\EO3100I_LIB\EO3100I_API-ERP2.LIB (?C?CCASE)
  ..\..\EO3100I_LIB\EO3100I_API-ERP2.LIB (PUTCHAR)
BL51 BANKED LINKER/LOCATER V6.22                                                      08/07/2014  16:21:17  PAGE 2


  ..\..\EO3100I_LIB\EO3100I_API-ERP2.LIB (?C?LSHLR515)
  ..\..\EO3100I_LIB\EO3100I_API-ERP2.LIB (IO_ANALOGCOMMON)
  ..\..\EO3100I_LIB\EO3100I_API-ERP2.LIB (ISR_RADIORXTX)
  ..\..\EO3100I_LIB\EO3100I_API-ERP2.LIB (ISR_SYS)
  ..\..\EO3100I_LIB\EO3100I_API-ERP2.LIB (ISR_UARTRXTX)
  ..\..\EO3100I_LIB\EO3100I_API-ERP2.LIB (MISC_INFAREA)
  ..\..\EO3100I_LIB\EO3100I_API-ERP2.LIB (MISC_RNDINIT)
  ..\..\EO3100I_LIB\EO3100I_API-ERP2.LIB (MISC_READBASEID)
  ..\..\EO3100I_LIB\EO3100I_API-ERP2.LIB (PWR_DISABLESLEEPTIMER)
  ..\..\EO3100I_LIB\EO3100I_API-ERP2.LIB (PWR_VDDFAILCB)
  ..\..\EO3100I_LIB\EO3100I_API-ERP2.LIB (RADIO_ADVFUNC)
  ..\..\EO3100I_LIB\EO3100I_API-ERP2.LIB (RADIO_SENDTELEGRAM)
  ..\..\EO3100I_LIB\EO3100I_API-ERP2.LIB (RADIO_ULPSENDTELEGRAM)
  ..\..\EO3100I_LIB\EO3100I_API-ERP2.LIB (UART_VAR)
  ..\..\EO3100I_LIB\EO3100I_API-ERP2.LIB (UART_SENDBYTE)
  ..\..\EO3100I_LIB\EO3100I_API-ERP2.LIB (APBBR_WRITE_DATA_I)
  ..\..\EO3100I_LIB\EO3100I_API-ERP2.LIB (APBBR_READ_DATA)
  ..\..\EO3100I_LIB\EO3100I_API-ERP2.LIB (APBBR_READ_DATA_C)
  ..\..\EO3100I_LIB\EO3100I_API-ERP2.LIB (APBBR_READ_DATA_I)
  ..\..\EO3100I_LIB\EO3100I_API-ERP2.LIB (APBBR_WRITE_DATA_ASM)
  ..\..\EO3100I_LIB\EO3100I_API-ERP2.LIB (APBBR_WRITE_DATA_C)
  ..\..\EO3100I_LIB\EO3100I_API-ERP2.LIB (FLASH_CONTROL_MEMCFG_MOD)
  ..\..\EO3100I_LIB\EO3100I_API-ERP2.LIB (?C?IILDX)
  ..\..\EO3100I_LIB\EO3100I_API-ERP2.LIB (?C?LLDOPTR)
  ..\..\EO3100I_LIB\EO3100I_API-ERP2.LIB (?C?LSTPTR)
  ..\..\EO3100I_LIB\EO3100I_API-ERP2.LIB (?C?LLDIDATA)
  ..\..\EO3100I_LIB\EO3100I_API-ERP2.LIB (?C?LLDXDATA)
  ..\..\EO3100I_LIB\EO3100I_API-ERP2.LIB (?C?LLDPDATA)
  ..\..\EO3100I_LIB\EO3100I_API-ERP2.LIB (?C?LLDCODE)
  ..\..\EO3100I_LIB\EO3100I_API-ERP2.LIB (?C?ICALL)
  ..\..\EO3100I_LIB\EO3100I_API-ERP2.LIB (?C?MEMCMP)
  ..\..\EO3100I_LIB\EO3100I_API-ERP2.LIB (IO_ISRWAKE0)
  ..\..\EO3100I_LIB\EO3100I_API-ERP2.LIB (IO_ISRWAKE1)
  ..\..\EO3100I_LIB\EO3100I_API-ERP2.LIB (ISR_RADIORX)
  ..\..\EO3100I_LIB\EO3100I_API-ERP2.LIB (MISC_RNDGET)
  ..\..\EO3100I_LIB\EO3100I_API-ERP2.LIB (PROD_CALIBRATEFLYWHEEL)
  ..\..\EO3100I_LIB\EO3100I_API-ERP2.LIB (PWR_SHORTTERMSLEEP)
  ..\..\EO3100I_LIB\EO3100I_API-ERP2.LIB (RADIO_TX)
  ..\..\EO3100I_LIB\EO3100I_API-ERP2.LIB (RADIO_CONVERTADVTOCOM)
  ..\..\EO3100I_LIB\EO3100I_API-ERP2.LIB (RADIO_CONVERTCOMTOADV)
  ..\..\EO3100I_LIB\EO3100I_API-ERP2.LIB (?C?CSTOPTR)
  ..\..\EO3100I_LIB\EO3100I_API-ERP2.LIB (?C?LSTIDATA)
  ..\..\EO3100I_LIB\EO3100I_API-ERP2.LIB (?C?LSTPDATA)
  ..\..\EO3100I_LIB\EO3100I_API-ERP2.LIB (PROC_CRC8)
  ..\..\EO3100I_LIB\EO3100I_API-ERP2.LIB (PWR_RESETSLEEPTIMER)
  ..\..\EO3100I_LIB\EO3100I_API-ERP2.LIB (PWR_SETFLYWHEELTAP)
  ..\..\EO3100I_LIB\EO3100I_API-ERP2.LIB (RADIO_ISRECEIVING)
  ..\..\EO3100I_LIB\EO3100I_API-ERP2.LIB (RADIO_RX)
  ..\..\EO3100I_LIB\EO3100I_API-ERP2.LIB (RADIO_CONVERTADVTOCOMRPS)
  ..\..\EO3100I_LIB\EO3100I_API-ERP2.LIB (RADIO_CONVERTCOMTOADVRPS)
  ..\..\EO3100I_LIB\EO3100I_API-ERP2.LIB (RADIO_RSSITODBM_ASM)
  ..\..\EO3100I_LIB\EO3100I_API-ERP2.LIB (RADIO_ADVFUNC_ISR)
  ..\..\EO3100I_LIB\EO3100I_API-ERP2.LIB (SMACK_VAR)
  C:\KEIL\C51\LIB\C51FPL.LIB (?C?FPADD)
  C:\KEIL\C51\LIB\C51FPL.LIB (?C?FPMUL)
  C:\KEIL\C51\LIB\C51FPL.LIB (?C?FPDIV)
  C:\KEIL\C51\LIB\C51FPL.LIB (?C?FPCMP)
BL51 BANKED LINKER/LOCATER V6.22                                                      08/07/2014  16:21:17  PAGE 3


  C:\KEIL\C51\LIB\C51FPL.LIB (?C?FCAST)
  C:\KEIL\C51\LIB\C51FPL.LIB (?C?CASTF)
  C:\KEIL\C51\LIB\C51FPL.LIB (?C?FPGETOPN)
  C:\KEIL\C51\LIB\C51L.LIB (?C_INIT)
  C:\KEIL\C51\LIB\C51L.LIB (?C?LNEG)


LINK MAP OF MODULE:  .\Output\LithiumCO2 (EO3100I_CFG)


            TYPE    BASE      LENGTH    RELOCATION   SEGMENT NAME
            -----------------------------------------------------

            * * * * * * *   D A T A   M E M O R Y   * * * * * * *
            REG     0000H     0008H     ABSOLUTE     "REG BANK 0"
            REG     0008H     0008H     ABSOLUTE     "REG BANK 1"
            REG     0010H     0008H     ABSOLUTE     "REG BANK 2"
            REG     0018H     0008H     ABSOLUTE     "REG BANK 3"
            BIT     0020H.0   0001H.1   UNIT         _BIT_GROUP_
            BIT     0021H.1   0000H.3   UNIT         ?BI?ISR_SYS
            BIT     0021H.4   0000H.3   UNIT         ?BI?UART_VAR
            BIT     0021H.7   0000H.2   UNIT         ?BI?MISC_INIT
            BIT     0022H.1   0000H.2   UNIT         ?BI?_RADIO_CONVERTCOMTOADV?RADIO_CONVERTCOMTOADV
            BIT     0022H.3   0000H.1   UNIT         ?BI?IO_INIT
            BIT     0022H.4   0000H.1   UNIT         ?BI?PWR_VDDFAILCB
            BIT     0022H.5   0000H.1   UNIT         ?BI?IO_ISRWAKE0
            BIT     0022H.6   0000H.1   UNIT         ?BI?IO_ISRWAKE1
            BIT     0022H.7   0000H.1   UNIT         ?BI?PROD_CALIBRATEFLYWHEEL
            DATA    0023H     002DH     UNIT         ?DT?LRNTELEGRAM
            DATA    0050H     0016H     UNIT         _DATA_GROUP_
            DATA    0066H     000BH     UNIT         ?DT?_RADIO_SENDTELEGRAM?RADIO_SENDTELEGRAM
            DATA    0071H     0006H     UNIT         ?DT?RADIO_INIT
            DATA    0077H     0004H     UNIT         ?DT?MISC_INIT
            DATA    007BH     0001H     UNIT         ?DT?_RADIO_ADVGETRORG?RADIO_ADVFUNC
            DATA    007CH     0001H     UNIT         ?DT?_RADIO_CONVERTCOMTOADV?RADIO_CONVERTCOMTOADV
            IDATA   007DH     0009H     UNIT         ?ID?UART_VAR
            IDATA   0086H     0003H     UNIT         ?ID?IO_INIT
            IDATA   0089H     0002H     UNIT         _IDATA_GROUP_
            IDATA   008BH     0001H     UNIT         ?ID?SMACK_VAR
            IDATA   008CH     0001H     UNIT         ?STACK

            * * * * * * *  X D A T A   M E M O R Y  * * * * * * *
            XDATA   0000H     027CH     UNIT         ?XD?EO3100I_CFG
            XDATA   027CH     0099H     UNIT         _XDATA_GROUP_
            XDATA   0315H     003EH     UNIT         ?XD?_RADIO_SENDTELEGRAM?RADIO_SENDTELEGRAM
            XDATA   0353H     0013H     UNIT         ?XD?IO_ENABLEANALOG
            XDATA   0366H     0011H     UNIT         ?XD?_RADIO_CONVERTADVTOCOM?RADIO_CONVERTADVTOCOM
            XDATA   0377H     000EH     UNIT         ?XD?_RADIO_CONVERTCOMTOADV?RADIO_CONVERTCOMTOADV
            XDATA   0385H     000BH     UNIT         ?XD?RAM0
            XDATA   0390H     000AH     UNIT         ?XD?UART_INIT
            XDATA   039AH     0008H     UNIT         ?XD?_PROD_CALIBRATEFLYWHEEL?PROD_CALIBRATEFLYWHEEL
            XDATA   03A2H     0007H     UNIT         ?XD?_RADIO_CONVERTADVTOCOMRPS?RADIO_CONVERTADVTOCOMRPS
            XDATA   03A9H     0006H     UNIT         ?XD?_RADIO_ADVGETRORG?RADIO_ADVFUNC
            XDATA   03AFH     0006H     UNIT         ?XD?_RADIO_ADVCOMPARESUBTELS?RADIO_ADVFUNC
            XDATA   03B5H     0004H     UNIT         ?XD?IO_INIT
            XDATA   03B9H     0004H     UNIT         ?XD?_PWR_GETSLEEPTIMERSTABLE?PWR_GETSLEEPTIMERSTABLE
            XDATA   03BDH     0004H     UNIT         ?XD?_RADIO_ADVGETIDPTR_ISR?RADIO_ADVFUNC_ISR
BL51 BANKED LINKER/LOCATER V6.22                                                      08/07/2014  16:21:17  PAGE 4


            XDATA   03C1H     0003H     UNIT         ?XD?PROD_CALIBRATEFLYWHEEL
            XDATA   03C4H     0002H     UNIT         ?XD?PWR_XTAL
            XDATA   03C6H     0002H     UNIT         ?XD?PWR_VDDFAILCB
            XDATA   03C8H     0002H     UNIT         ?XD?IO_ISRWAKE0
            XDATA   03CAH     0002H     UNIT         ?XD?IO_ISRWAKE1
                    03CCH     F834H                  *** GAP ***
            XDATA   FC00H     0100H     ABSOLUTE     
                    FD00H     0100H                  *** GAP ***
            XDATA   FE00H     0200H     ABSOLUTE     

            * * * * * * *   C O D E   M E M O R Y   * * * * * * *
            CODE    0000H     0003H     ABSOLUTE     
            CODE    0003H     0003H     ABSOLUTE     
            CODE    0006H     000CH     UNIT         ?PR?RAM0
                    0012H     0001H                  *** GAP ***
            CODE    0013H     0003H     ABSOLUTE     
            CODE    0016H     000CH     UNIT         ?PR?_RADIO_INIT_MOD?RADIO_INIT_MOD
                    0022H     0001H                  *** GAP ***
            CODE    0023H     0003H     ABSOLUTE     
            CODE    0026H     0A1CH     UNIT         ?C?LIB_CODE
            CODE    0A42H     03A5H     UNIT         ?PR?MAIN?MAIN
            CODE    0DE7H     0365H     UNIT         ?PR?PRINTF?PRINTF
            CODE    114CH     02C8H     UNIT         ?PR?_RADIO_CONVERTADVTOCOM?RADIO_CONVERTADVTOCOM
            CODE    1414H     0228H     UNIT         ?PR?_RADIO_SENDTELEGRAM?RADIO_SENDTELEGRAM
            CODE    163CH     0221H     UNIT         ?PR?_RADIO_SENDTELEGRAM2?RADIO_SENDTELEGRAM2
            CODE    185DH     01CDH     UNIT         ?PR?_RADIO_CONVERTCOMTOADV?RADIO_CONVERTCOMTOADV
            CODE    1A2AH     01C1H     UNIT         ?PR?RADIO_RX?RADIO_RX
            CODE    1BEBH     0191H     UNIT         ?PR?_TIME_WAIT?TIME_WAIT
            CODE    1D7CH     014CH     UNIT         ?PR?_RADIO_TX?RADIO_TX
            CODE    1EC8H     0149H     UNIT         ?PR?_PROD_CALIBRATEFLYWHEEL?PROD_CALIBRATEFLYWHEEL
            CODE    2011H     0132H     UNIT         ?PR?_CONFIGURE_ASC?IO_ANALOGCOMMON
            CODE    2143H     0129H     UNIT         ?PR?_RADIO_ADVCOMPARESUBTELS?RADIO_ADVFUNC
            CODE    226CH     0111H     UNIT         ?PR?_IO_ULPSCALEANALOG?IO_ULPMEASANALOG
            CODE    237DH     0100H     UNIT         ?CO?PROC_CRC8
            CODE    247DH     00EEH     UNIT         ?PR?_PARSE_UART?MAIN
            CODE    256BH     00E5H     UNIT         ?PR?_PWR_SETSLEEPTIMER?PWR_SETSLEEPTIMER
            CODE    2650H     00C0H     UNIT         ?PR?_IO_ENABLEANALOG?IO_ENABLEANALOG
            CODE    2710H     00AEH     UNIT         ?PR?_DEEPSLEEP?MAIN
            CODE    27BEH     00ADH     UNIT         ?PR?MAIN
            CODE    286BH     00ADH     UNIT         ?PR?_PWR_GETSLEEPTIMERSTABLE?PWR_GETSLEEPTIMERSTABLE
            CODE    2918H     00A8H     UNIT         ?PR?_PWR_TIMERSLEEP?PWR_TIMERSLEEP
            CODE    29C0H     00A1H     UNIT         ?PR?_RADIO_CONVERTADVTOCOMRPS?RADIO_CONVERTADVTOCOMRPS
            CODE    2A61H     00A0H     UNIT         ?PR?ISR_RADIORX?ISR_RADIORX
            CODE    2B01H     009DH     UNIT         ?PR?_IO_INIT?IO_INIT
            CODE    2B9EH     0098H     UNIT         ?PR?_RADIO_ADVGETIDPTR_ISR?RADIO_ADVFUNC_ISR
            CODE    2C36H     0091H     UNIT         ?PR?_RADIO_ADVGETIDPTR?RADIO_ADVFUNC
            CODE    2CC7H     008EH     UNIT         ?PR?_RADIO_ULPSENDTELEGRAM2?RADIO_ULPSENDTELEGRAM
            CODE    2D55H     0089H     UNIT         ?C_C51STARTUP
            CODE    2DDEH     0087H     UNIT         ?PR?ISR_UARTRXTX?ISR_UARTRXTX
            CODE    2E65H     0085H     UNIT         ?PR?RADIO_SENDTELEGRAM2
            CODE    2EEAH     0081H     UNIT         ?PR?_RADIO_ADVGETRORG?RADIO_ADVFUNC
            CODE    2F6BH     0081H     UNIT         ?PR?_RADIO_ADVGETRORG_ISR?RADIO_ADVFUNC_ISR
            CODE    2FECH     007EH     UNIT         ?PR?RADIO_CONVERTADVTOCOM
            CODE    306AH     007DH     UNIT         ?PR?_PWR_RESETSLEEPTIMER?PWR_RESETSLEEPTIMER
            CODE    30E7H     007BH     UNIT         ?PR?ISR_RADIORXTX?ISR_RADIORXTX
            CODE    3162H     007AH     UNIT         ?PR?RESTOREREGISTER?IO_ENABLEANALOG
            CODE    31DCH     007AH     UNIT         ?PR?_UART_INIT?UART_INIT
BL51 BANKED LINKER/LOCATER V6.22                                                      08/07/2014  16:21:17  PAGE 5


            CODE    3256H     0073H     UNIT         ?PR?ISR_SYS?ISR_SYS
            CODE    32C9H     006FH     UNIT         ?PR?SAVEREGISTER?IO_ENABLEANALOG
            CODE    3338H     006EH     UNIT         ?PR?_SCALETEMPERATURE?MAIN
            CODE    33A6H     0065H     UNIT         ?PR?_MEASUREVDD?MAIN
            CODE    340BH     0060H     UNIT         ?PR?_PWR_GETSYSTEMRESET?PWR_GETSYSTEMRESET
            CODE    346BH     005FH     UNIT         ?CO?MAIN
            CODE    34CAH     005DH     UNIT         ?PR?_IO_GETDIGITAL?IO_GETDIGITAL
            CODE    3527H     005BH     UNIT         ?PR?_MEM_READRAM0?MEM_READRAM0
            CODE    3582H     005BH     UNIT         ?PR?_MEM_WRITERAM0?MEM_WRITERAM0
            CODE    35DDH     0059H     UNIT         ?PR?_RADIO_INIT?RADIO_INIT
            CODE    3636H     0056H     UNIT         ?PR?_IO_SETDIGITAL?IO_SETDIGITAL
            CODE    368CH     0051H     UNIT         ?PR?RADIO_ULPSENDTELEGRAM
            CODE    36DDH     004FH     UNIT         ?C_INITSEG
            CODE    372CH     004CH     UNIT         ?PR?_MEASURECHARGELEVEL?MAIN
            CODE    3778H     004CH     UNIT         ?PR?_MISC_READBASEID?MISC_READBASEID
            CODE    37C4H     004BH     UNIT         ?PR?_PWR_SHORTTERMSLEEP?PWR_SHORTTERMSLEEP
            CODE    380FH     004AH     UNIT         ?PR?RADIO_GETTXBUFFERINDEX?RADIO_SENDTELEGRAM
            CODE    3859H     0045H     UNIT         ?PR?_UART_SENDBUFFER?UART_SENDBUFFER
            CODE    389EH     0044H     UNIT         ?PR?MISC_INIT?MISC_INIT
            CODE    38E2H     0044H     UNIT         ?PR?RADIO_CONVERTCOMTOADV
            CODE    3926H     003FH     UNIT         ?PR?_UART_GETBYTE?UART_GETBYTE
            CODE    3965H     003EH     UNIT         ?PR?RAM0INIT?RAM0
            CODE    39A3H     003DH     UNIT         ?PR?_IO_ULPMEASANALOG?IO_ULPMEASANALOG
            CODE    39E0H     003DH     UNIT         ?PR?_RADIO_RSSITODBM_ASM?RADIO_RSSITODBM_ASM
            CODE    3A1DH     003CH     UNIT         ?PR?_UART_SENDBYTE?UART_SENDBYTE
            CODE    3A59H     003CH     UNIT         ?PR?RADIO_RX
            CODE    3A95H     0039H     UNIT         ?PR?RADIO_SENDTELEGRAM
            CODE    3ACEH     0039H     UNIT         ?PR?_RADIO_CONVERTCOMTOADVRPS?RADIO_CONVERTCOMTOADVRPS
            CODE    3B07H     0034H     UNIT         ?PR?TIME_WAIT
            CODE    3B3BH     0033H     UNIT         ?PR?SENDLRNTELEGRAM2?LRNTELEGRAM
            CODE    3B6EH     0032H     UNIT         ?PR?_PWR_DISABLESLEEPTIMER?PWR_DISABLESLEEPTIMER
            CODE    3BA0H     002BH     UNIT         ?PR?UART_INIT
            CODE    3BCBH     002AH     UNIT         ?PR?_IO_TOGDIGITAL?IO_TOGDIGITAL
            CODE    3BF5H     002AH     UNIT         ?PR?RADIO_TX
            CODE    3C1FH     0029H     UNIT         ?PR?RADIO_ADVFUNC
            CODE    3C48H     0028H     UNIT         ?CO?RADIO_CONVERTADVTOCOM
            CODE    3C70H     0027H     UNIT         ?PR?PUTCHAR?PUTCHAR
            CODE    3C97H     0027H     UNIT         ?PR?_RADIO_GETRANDOM?RADIO_ULPSENDTELEGRAM
            CODE    3CBEH     0026H     UNIT         ?PR?_IO_WAKE0ENABLECB?IO_ISRWAKE0
            CODE    3CE4H     0026H     UNIT         ?PR?_IO_WAKE1ENABLECB?IO_ISRWAKE1
            CODE    3D0AH     0024H     UNIT         ?PR?_MISC_ISLOCALID?MISC_INFAREA
            CODE    3D2EH     001EH     UNIT         ?PR?_IO_WAKE0INITCB?IO_ISRWAKE0
            CODE    3D4CH     001EH     UNIT         ?PR?_IO_WAKE1INITCB?IO_ISRWAKE1
            CODE    3D6AH     001DH     UNIT         ?PR?MAININIT?EO3100I_CFG
            CODE    3D87H     001DH     UNIT         ?PR?_MEASURETEMPERATURE?MAIN
            CODE    3DA4H     001DH     UNIT         ?PR?_MISC_RNDINIT?MISC_RNDINIT
            CODE    3DC1H     001BH     UNIT         ?PR?_PWR_VDDFAILINITCB?PWR_VDDFAILCB
            CODE    3DDCH     001AH     UNIT         ?PR?IO_ULPMEASANALOG
            CODE    3DF6H     001AH     UNIT         ?PR?RADIO_ISRECEIVING?RADIO_ISRECEIVING
            CODE    3E10H     0019H     UNIT         ?CO?MISC_INIT
            CODE    3E29H     0019H     UNIT         ?PR?ISR_PROD_FLYWHEEL_TIMEOUT?PROD_CALIBRATEFLYWHEEL
            CODE    3E42H     0018H     UNIT         ?PR?_PWR_ENABLEXTAL?PWR_XTAL
            CODE    3E5AH     0018H     UNIT         ?PR?_UART_GETTXSTATUS?UART_GETTXSTATUS
            CODE    3E72H     0018H     UNIT         ?PR?_PWR_VDDFAILENABLECB?PWR_VDDFAILCB
            CODE    3E8AH     0018H     UNIT         ?PR?_APBBR_READ_DATA?APBBR_READ_DATA
            CODE    3EA2H     0018H     UNIT         ?CO?RADIO_CONVERTADVTOCOMRPS
            CODE    3EBAH     0017H     UNIT         ?PR?ISR_PROD_TIMER0_TIMEOUT?PROD_CALIBRATEFLYWHEEL
BL51 BANKED LINKER/LOCATER V6.22                                                      08/07/2014  16:21:17  PAGE 6


            CODE    3ED1H     0016H     UNIT         ?PR?_APBBR_WRITE_DATA_ASM?APBBR_WRITE_DATA_ASM
            CODE    3EE7H     0016H     INBLOCK      ?PR?FLASH_CONTROL_MEMCFG_MOD?FLASH_CONTROL_MEMCFG_MOD
            CODE    3EFDH     0016H     UNIT         ?PR?ISR_RADIORXINIT?ISR_RADIORX
            CODE    3F13H     0015H     UNIT         ?PR?_PWR_SETFLYWHEELTAP?PWR_SETFLYWHEELTAP
            CODE    3F28H     0014H     UNIT         ?PR?_APBBR_READ_DATA_I?APBBR_READ_DATA_I
            CODE    3F3CH     0013H     UNIT         ?PR?ISR_RADIOTXINIT?ISR_RADIORXTX
            CODE    3F4FH     0012H     UNIT         ?PR?_APBBR_WRITE_DATA_I?APBBR_WRITE_DATA_I
            CODE    3F61H     0012H     UNIT         ?PR?_APBBR_READ_DATA_C?APBBR_READ_DATA_C
            CODE    3F73H     0011H     UNIT         ?PR?_MISC_GETID?MISC_INFAREA
            CODE    3F84H     0011H     UNIT         ?PR?RADIO_CONVERTADVTOCOMRPS
            CODE    3F95H     0010H     UNIT         ?PR?_APBBR_WRITE_DATA_C?APBBR_WRITE_DATA_C
            CODE    3FA5H     0010H     UNIT         ?CO?RADIO_CONVERTCOMTOADVRPS
            CODE    3FB5H     000EH     UNIT         ?PR?PWR_SETSLEEPTIMER
            CODE    3FC3H     000BH     UNIT         ?PR?_ISR_SYSINIT?ISR_SYS
            CODE    3FCEH     000BH     UNIT         ?CO?RADIO_CONVERTCOMTOADV
            CODE    3FD9H     0009H     UNIT         ?PR?RAM0READ?RAM0
            CODE    3FE2H     0009H     UNIT         ?PR?RAM0WRITE?RAM0
            CODE    3FEBH     0009H     UNIT         ?PR?PWR_SELECTXTAL?PWR_XTAL
            CODE    3FF4H     0008H     UNIT         ?PR?ISR_UARTRXTXINIT?ISR_UARTRXTX
            CODE    3FFCH     0007H     UNIT         ?PR?MISC_INIT
            CODE    4003H     0007H     UNIT         ?CO?RADIO_SENDTELEGRAM2
            CODE    400AH     0007H     UNIT         ?PR?ISR_SYS
            CODE    4011H     0006H     UNIT         ?PR?MISC_RNDGET?MISC_RNDGET
            CODE    4017H     0006H     UNIT         ?PR?RADIO_CONVERTCOMTOADVRPS
            CODE    401DH     0005H     UNIT         ?PR?STARTUPINIT?EO3100I_CFG
                    4022H     BBDEH                  *** GAP ***
            CODE    FC00H     0012H     ABSOLUTE     
                    FC12H     01EEH                  *** GAP ***
            CODE    FE00H     0200H     ABSOLUTE     



OVERLAY MAP OF MODULE:   .\Output\LithiumCO2 (EO3100I_CFG)


SEGMENT                                             BIT_GROUP          DATA_GROUP          IDATA_GROUP         XDATA_GRO
>> UP
  +--> CALLED SEGMENT                            START    LENGTH     START    LENGTH     START    LENGTH     START    LE
>> NGTH
------------------------------------------------------------------------------------------------------------------------
>> ----
?C_C51STARTUP                                    -----    -----      -----    -----      -----    -----      -----    --
>> ---
  +--> ?PR?STARTUPINIT?EO3100I_CFG
  +--> ?PR?MAIN?MAIN
  +--> ?C_INITSEG

?PR?STARTUPINIT?EO3100I_CFG                      -----    -----      -----    -----      -----    -----      -----    --
>> ---
  +--> ?PR?_PWR_ENABLEXTAL?PWR_XTAL

?PR?_PWR_ENABLEXTAL?PWR_XTAL                     -----    -----      -----    -----      -----    -----      02F4H    00
>> 01H
  +--> ?PR?_RADIO_INIT_MOD?RADIO_INIT_MOD

?PR?_RADIO_INIT_MOD?RADIO_INIT_MOD               -----    -----      -----    -----      -----    -----      030BH    00
>> 01H
BL51 BANKED LINKER/LOCATER V6.22                                                      08/07/2014  16:21:17  PAGE 7


  +--> ?PR?FLASH_CONTROL_MEMCFG_MOD?FLASH_CO...

?PR?MAIN?MAIN                                    -----    -----      0050H    0001H      -----    -----      027CH    00
>> 65H
  +--> ?PR?_PWR_GETSYSTEMRESET?PWR_GETSYSTEM...
  +--> ?PR?_IO_GETDIGITAL?IO_GETDIGITAL
  +--> ?PR?RAM0READ?RAM0
  +--> ?CO?MAIN
  +--> ?PR?RAM0INIT?RAM0
  +--> ?PR?RAM0WRITE?RAM0
  +--> ?PR?_IO_INIT?IO_INIT
  +--> ?PR?MAININIT?EO3100I_CFG
  +--> ?PR?SENDLRNTELEGRAM2?LRNTELEGRAM
  +--> ?PR?_MEASURECHARGELEVEL?MAIN
  +--> ?PR?_IO_SETDIGITAL?IO_SETDIGITAL
  +--> ?PR?MAIN
  +--> ?PR?_DEEPSLEEP?MAIN
  +--> ?PR?PRINTF?PRINTF
  +--> ?PR?_PWR_ENABLEXTAL?PWR_XTAL
  +--> ?PR?_RADIO_INIT_MOD?RADIO_INIT_MOD
  +--> ?PR?PWR_SELECTXTAL?PWR_XTAL
  +--> ?PR?_UART_SENDBUFFER?UART_SENDBUFFER
  +--> ?PR?_UART_GETTXSTATUS?UART_GETTXSTATUS
  +--> ?PR?_RADIO_SENDTELEGRAM2?RADIO_SENDTE...
  +--> ?PR?_MEASURETEMPERATURE?MAIN
  +--> ?PR?_PARSE_UART?MAIN
  +--> ?PR?_SCALETEMPERATURE?MAIN
  +--> ?PR?_IO_TOGDIGITAL?IO_TOGDIGITAL
  +--> ?PR?_TIME_WAIT?TIME_WAIT

?PR?RAM0READ?RAM0                                -----    -----      -----    -----      -----    -----      -----    --
>> ---
  +--> ?PR?RAM0
  +--> ?PR?_MEM_READRAM0?MEM_READRAM0

?PR?_MEM_READRAM0?MEM_READRAM0                   -----    -----      0051H    0005H      -----    -----      02E1H    00
>> 05H
  +--> ?PR?_APBBR_READ_DATA_C?APBBR_READ_DATA_C

?PR?RAM0WRITE?RAM0                               -----    -----      -----    -----      -----    -----      -----    --
>> ---
  +--> ?PR?RAM0
  +--> ?PR?_MEM_WRITERAM0?MEM_WRITERAM0

?PR?_MEM_WRITERAM0?MEM_WRITERAM0                 -----    -----      0051H    0005H      -----    -----      02E9H    00
>> 05H
  +--> ?PR?_APBBR_WRITE_DATA_C?APBBR_WRITE_D...

?PR?_IO_INIT?IO_INIT                             -----    -----      -----    -----      -----    -----      -----    --
>> ---
  +--> ?PR?_APBBR_WRITE_DATA_ASM?APBBR_WRITE...

?PR?MAININIT?EO3100I_CFG                         -----    -----      -----    -----      -----    -----      -----    --
>> ---
  +--> ?PR?_RADIO_INIT_MOD?RADIO_INIT_MOD
  +--> ?PR?_RADIO_INIT?RADIO_INIT
  +--> ?PR?_UART_INIT?UART_INIT
BL51 BANKED LINKER/LOCATER V6.22                                                      08/07/2014  16:21:17  PAGE 8


  +--> ?PR?MISC_INIT?MISC_INIT
  +--> ?PR?PWR_SELECTXTAL?PWR_XTAL

?PR?_RADIO_INIT?RADIO_INIT                       -----    -----      0051H    0001H      -----    -----      02E1H    00
>> 02H
  +--> ?PR?ISR_RADIOTXINIT?ISR_RADIORXTX

?PR?_UART_INIT?UART_INIT                         -----    -----      -----    -----      -----    -----      02E1H    00
>> 04H
  +--> ?PR?UART_INIT
  +--> ?PR?ISR_UARTRXTXINIT?ISR_UARTRXTX

?PR?MISC_INIT?MISC_INIT                          -----    -----      0051H    0004H      -----    -----      -----    --
>> ---
  +--> ?PR?_MISC_GETID?MISC_INFAREA
  +--> ?PR?MISC_INIT
  +--> ?PR?_MISC_RNDINIT?MISC_RNDINIT
  +--> ?PR?_ISR_SYSINIT?ISR_SYS

?PR?SENDLRNTELEGRAM2?LRNTELEGRAM                 -----    -----      -----    -----      -----    -----      -----    --
>> ---
  +--> ?PR?_RADIO_SENDTELEGRAM2?RADIO_SENDTE...

?PR?_RADIO_SENDTELEGRAM2?RADIO_SENDTE...         -----    -----      0051H    000BH      -----    -----      02E1H    00
>> 10H
  +--> ?PR?RADIO_SENDTELEGRAM2
  +--> ?PR?RADIO_GETTXBUFFERINDEX?RADIO_SEND...
  +--> ?PR?_RADIO_ADVGETIDPTR?RADIO_ADVFUNC
  +--> ?PR?_MISC_READBASEID?MISC_READBASEID
  +--> ?CO?RADIO_SENDTELEGRAM2
  +--> ?PR?_RADIO_ULPSENDTELEGRAM2?RADIO_ULP...

?PR?RADIO_GETTXBUFFERINDEX?RADIO_SEND...         0020H.0  0000H.1    005CH    0002H      -----    -----      -----    --
>> ---
  +--> ?PR?RADIO_SENDTELEGRAM

?PR?_RADIO_ADVGETIDPTR?RADIO_ADVFUNC             -----    -----      -----    -----      -----    -----      02F1H    00
>> 04H
  +--> ?PR?RADIO_ADVFUNC
  +--> ?CO?RADIO_CONVERTADVTOCOM

?PR?_MISC_READBASEID?MISC_READBASEID             -----    -----      005CH    0001H      -----    -----      -----    --
>> ---

?PR?_RADIO_ULPSENDTELEGRAM2?RADIO_ULP...         -----    -----      005CH    0001H      -----    -----      02F1H    00
>> 02H
  +--> ?PR?_RADIO_GETRANDOM?RADIO_ULPSENDTEL...
  +--> ?PR?RADIO_ULPSENDTELEGRAM
  +--> ?PR?_PWR_SHORTTERMSLEEP?PWR_SHORTTERM...
  +--> ?PR?_RADIO_TX?RADIO_TX

?PR?_RADIO_GETRANDOM?RADIO_ULPSENDTEL...         -----    -----      005DH    0001H      -----    -----      02F3H    00
>> 02H
  +--> ?PR?MISC_RNDGET?MISC_RNDGET

?PR?_PWR_SHORTTERMSLEEP?PWR_SHORTTERM...         -----    -----      005DH    0002H      -----    -----      02F3H    00
>> 01H
BL51 BANKED LINKER/LOCATER V6.22                                                      08/07/2014  16:21:17  PAGE 9


  +--> ?PR?_PWR_SETSLEEPTIMER?PWR_SETSLEEPTIMER
  +--> ?PR?_PWR_GETSLEEPTIMERSTABLE?PWR_GETS...
  +--> ?PR?_PWR_TIMERSLEEP?PWR_TIMERSLEEP
  +--> ?PR?_PWR_DISABLESLEEPTIMER?PWR_DISABL...
  +--> ?PR?_PWR_ENABLEXTAL?PWR_XTAL
  +--> ?PR?_RADIO_INIT_MOD?RADIO_INIT_MOD
  +--> ?PR?PWR_SELECTXTAL?PWR_XTAL

?PR?_PWR_SETSLEEPTIMER?PWR_SETSLEEPTIMER         -----    -----      -----    -----      -----    -----      02F4H    00
>> 06H
  +--> ?PR?_APBBR_READ_DATA_C?APBBR_READ_DATA_C
  +--> ?PR?PWR_SETSLEEPTIMER
  +--> ?PR?_APBBR_WRITE_DATA_ASM?APBBR_WRITE...
  +--> ?PR?_APBBR_WRITE_DATA_C?APBBR_WRITE_D...
  +--> ?PR?_APBBR_WRITE_DATA_I?APBBR_WRITE_D...

?PR?_PWR_GETSLEEPTIMERSTABLE?PWR_GETS...         -----    -----      -----    -----      -----    -----      -----    --
>> ---
  +--> ?PR?_APBBR_READ_DATA_C?APBBR_READ_DATA_C

?PR?_PWR_TIMERSLEEP?PWR_TIMERSLEEP               0020H.0  0000H.1    005FH    0003H      0089H    0002H      -----    --
>> ---

?PR?_PWR_DISABLESLEEPTIMER?PWR_DISABL...         -----    -----      -----    -----      -----    -----      -----    --
>> ---
  +--> ?PR?_APBBR_WRITE_DATA_C?APBBR_WRITE_D...
  +--> ?PR?_APBBR_READ_DATA_C?APBBR_READ_DATA_C

?PR?_RADIO_TX?RADIO_TX                           -----    -----      005DH    0004H      -----    -----      02F3H    00
>> 05H
  +--> ?PR?RADIO_TX
  +--> ?PR?RADIO_ISRECEIVING?RADIO_ISRECEIVING
  +--> ?PR?_APBBR_READ_DATA_I?APBBR_READ_DATA_I
  +--> ?PR?_APBBR_WRITE_DATA_I?APBBR_WRITE_D...
  +--> ?PR?_RADIO_INIT_MOD?RADIO_INIT_MOD

?PR?RADIO_TX                                     -----    -----      -----    -----      -----    -----      -----    --
>> ---
  +--> ?CO?PROC_CRC8

?PR?RADIO_ISRECEIVING?RADIO_ISRECEIVING          -----    -----      -----    -----      -----    -----      -----    --
>> ---
  +--> ?PR?_APBBR_READ_DATA_I?APBBR_READ_DATA_I

?PR?_MEASURECHARGELEVEL?MAIN                     -----    -----      -----    -----      -----    -----      02E1H    00
>> 05H
  +--> ?PR?MAIN
  +--> ?PR?_MEASUREVDD?MAIN

?PR?_MEASUREVDD?MAIN                             -----    -----      -----    -----      -----    -----      02E6H    00
>> 07H
  +--> ?PR?MAIN
  +--> ?PR?_IO_ENABLEANALOG?IO_ENABLEANALOG
  +--> ?PR?_IO_ULPMEASANALOG?IO_ULPMEASANALOG
  +--> ?PR?_IO_ULPSCALEANALOG?IO_ULPMEASANALOG

?PR?_IO_ENABLEANALOG?IO_ENABLEANALOG             -----    -----      -----    -----      -----    -----      -----    --
BL51 BANKED LINKER/LOCATER V6.22                                                      08/07/2014  16:21:17  PAGE 10


>> ---
  +--> ?PR?SAVEREGISTER?IO_ENABLEANALOG
  +--> ?PR?_APBBR_WRITE_DATA_C?APBBR_WRITE_D...
  +--> ?PR?_IO_ULPMEASANALOG?IO_ULPMEASANALOG
  +--> ?PR?RESTOREREGISTER?IO_ENABLEANALOG
  +--> ?PR?_RADIO_INIT_MOD?RADIO_INIT_MOD
  +--> ?PR?_APBBR_WRITE_DATA_ASM?APBBR_WRITE...

?PR?SAVEREGISTER?IO_ENABLEANALOG                 -----    -----      -----    -----      -----    -----      -----    --
>> ---
  +--> ?PR?_APBBR_READ_DATA_C?APBBR_READ_DATA_C
  +--> ?PR?_APBBR_READ_DATA?APBBR_READ_DATA

?PR?_IO_ULPMEASANALOG?IO_ULPMEASANALOG           -----    -----      -----    -----      -----    -----      02EDH    00
>> 03H
  +--> ?PR?_CONFIGURE_ASC?IO_ANALOGCOMMON
  +--> ?PR?_APBBR_READ_DATA_I?APBBR_READ_DATA_I

?PR?RESTOREREGISTER?IO_ENABLEANALOG              -----    -----      -----    -----      -----    -----      -----    --
>> ---
  +--> ?PR?_APBBR_WRITE_DATA_C?APBBR_WRITE_D...
  +--> ?PR?_APBBR_WRITE_DATA_ASM?APBBR_WRITE...

?PR?_IO_ULPSCALEANALOG?IO_ULPMEASANALOG          -----    -----      -----    -----      -----    -----      02EDH    00
>> 10H
  +--> ?PR?IO_ULPMEASANALOG

?PR?_DEEPSLEEP?MAIN                              -----    -----      -----    -----      -----    -----      02E1H    00
>> 08H
  +--> ?PR?MAIN
  +--> ?PR?_PWR_SETSLEEPTIMER?PWR_SETSLEEPTIMER
  +--> ?PR?RAM0WRITE?RAM0
  +--> ?PR?_PWR_GETSLEEPTIMERSTABLE?PWR_GETS...
  +--> ?PR?_PWR_TIMERSLEEP?PWR_TIMERSLEEP

?PR?PRINTF?PRINTF                                0020H.0  0001H.1    0051H    0005H      -----    -----      02E1H    00
>> 28H
  +--> ?PR?PUTCHAR?PUTCHAR

?PR?_UART_SENDBUFFER?UART_SENDBUFFER             -----    -----      0051H    0001H      -----    -----      02E1H    00
>> 04H
  +--> ?PR?_UART_SENDBYTE?UART_SENDBYTE

?PR?_UART_SENDBYTE?UART_SENDBYTE                 0020H.0  0000H.1    -----    -----      -----    -----      -----    --
>> ---

?PR?_MEASURETEMPERATURE?MAIN                     -----    -----      -----    -----      -----    -----      02E1H    00
>> 03H
  +--> ?PR?MAIN
  +--> ?PR?_IO_ENABLEANALOG?IO_ENABLEANALOG
  +--> ?PR?_IO_ULPMEASANALOG?IO_ULPMEASANALOG

?PR?_PARSE_UART?MAIN                             -----    -----      -----    -----      -----    -----      02E1H    00
>> 12H
  +--> ?PR?MAIN
  +--> ?PR?_UART_GETBYTE?UART_GETBYTE

BL51 BANKED LINKER/LOCATER V6.22                                                      08/07/2014  16:21:17  PAGE 11


?PR?_UART_GETBYTE?UART_GETBYTE                   0020H.0  0000H.1    -----    -----      -----    -----      -----    --
>> ---

?PR?_SCALETEMPERATURE?MAIN                       -----    -----      -----    -----      -----    -----      02E1H    00
>> 04H
  +--> ?PR?MAIN

?PR?_TIME_WAIT?TIME_WAIT                         0020H.0  0000H.1    -----    -----      -----    -----      02E1H    00
>> 0EH
  +--> ?PR?TIME_WAIT
  +--> ?PR?_APBBR_WRITE_DATA_C?APBBR_WRITE_D...
  +--> ?PR?_APBBR_WRITE_DATA_I?APBBR_WRITE_D...
  +--> ?PR?_APBBR_READ_DATA_C?APBBR_READ_DATA_C
  +--> ?PR?_PWR_DISABLESLEEPTIMER?PWR_DISABL...

*** NEW ROOT ***************************************************

?PR?ISR_RADIORXTX?ISR_RADIORXTX                  -----    -----      -----    -----      -----    -----      0309H    00
>> 02H
  +--> ?PR?_APBBR_READ_DATA_C?APBBR_READ_DATA_C
  +--> ?PR?_RADIO_INIT_MOD?RADIO_INIT_MOD
  +--> ?PR?ISR_RADIORX?ISR_RADIORX

?PR?ISR_RADIORX?ISR_RADIORX                      -----    -----      -----    -----      -----    -----      030BH    00
>> 03H
  +--> ?PR?_APBBR_WRITE_DATA_I?APBBR_WRITE_D...
  +--> ?PR?RADIO_RX?RADIO_RX

?PR?RADIO_RX?RADIO_RX                            -----    -----      0062H    0002H      -----    -----      030EH    00
>> 01H
  +--> ?PR?RADIO_RX
  +--> ?CO?PROC_CRC8
  +--> ?PR?_APBBR_READ_DATA_I?APBBR_READ_DATA_I
  +--> ?PR?_RADIO_RSSITODBM_ASM?RADIO_RSSITO...
  +--> ?PR?_RADIO_ADVGETRORG_ISR?RADIO_ADVFU...

?PR?_RADIO_ADVGETRORG_ISR?RADIO_ADVFU...         -----    -----      0064H    0001H      -----    -----      030FH    00
>> 06H
  +--> ?CO?RADIO_CONVERTADVTOCOM

*** NEW ROOT ***************************************************

?PR?ISR_SYS?ISR_SYS                              -----    -----      -----    -----      -----    -----      -----    --
>> ---
  +--> ?PR?ISR_PROD_FLYWHEEL_TIMEOUT?PROD_CA...
  +--> ?PR?ISR_SYS

*** NEW ROOT ***************************************************

?PR?ISR_UARTRXTX?ISR_UARTRXTX                    -----    -----      0065H    0001H      -----    -----      -----    --
>> ---



SYMBOL TABLE OF MODULE:  .\Output\LithiumCO2 (EO3100I_CFG)

  VALUE           TYPE          NAME
BL51 BANKED LINKER/LOCATER V6.22                                                      08/07/2014  16:21:17  PAGE 12


  ----------------------------------

  -------         MODULE        EO3100I_CFG
  C:0000H         SYMBOL        _ICE_DUMMY_
  X:0000H         PUBLIC        u8RxRing
  X:0022H         PUBLIC        u8TxRing
  X:0044H         PUBLIC        u8gFilterCfg
  X:0045H         PUBLIC        u32gFilterValue
  C:401DH         PUBLIC        startupInit
  X:0049H         PUBLIC        uart_param
  C:3D6AH         PUBLIC        mainInit
  X:004CH         PUBLIC        gRadioBuff
  -------         PROC          STARTUPINIT
  C:401DH         LINE#         7
  C:401DH         LINE#         8
  C:401DH         LINE#         9
  -------         ENDPROC       STARTUPINIT
  -------         PROC          MAININIT
  C:3D6AH         LINE#         13
  C:3D6AH         LINE#         14
  C:3D6AH         LINE#         15
  C:3D6FH         LINE#         16
  C:3D76H         LINE#         17
  C:3D81H         LINE#         18
  C:3D84H         LINE#         19
  -------         ENDPROC       MAININIT
  -------         ENDMOD        EO3100I_CFG

  -------         MODULE        MAIN
  C:0000H         SYMBOL        _ICE_DUMMY_
  C:349DH         PUBLIC        io_param_sensorOn
  C:3D87H         PUBLIC        _measureTemperature
  C:34BBH         PUBLIC        io_param_sensorOn_VOFF
  C:3338H         PUBLIC        _scaleTemperature
  C:0A42H         PUBLIC        main
  C:247DH         PUBLIC        _parse_uart
  C:372CH         PUBLIC        _measureChargeLevel
  C:33A6H         PUBLIC        _measureVDD
  C:FC00H         PUBLIC        unigcfg
  C:348EH         PUBLIC        io_param_sensorOff
  C:3475H         PUBLIC        VERSION_APP
  C:2710H         PUBLIC        _DeepSleep
  C:34ACH         PUBLIC        io_param_sensorOff_VOFF
  C:27BEH         SYMBOL        Com0075
  C:27BEH         SYMBOL        L?0118
  C:27BEH         SYMBOL        L?0119
  C:27C1H         SYMBOL        L?0120
  C:27CAH         SYMBOL        L?0121
  C:27E2H         SYMBOL        L?0122
  C:27E2H         SYMBOL        L?0123
  C:27E3H         SYMBOL        L?0124
  C:27EBH         SYMBOL        L?0125
  C:2801H         SYMBOL        L?0126
  C:2801H         SYMBOL        L?0127
  C:280CH         SYMBOL        L?0128
  C:281EH         SYMBOL        L?0129
  C:2824H         SYMBOL        L?0130
BL51 BANKED LINKER/LOCATER V6.22                                                      08/07/2014  16:21:17  PAGE 13


  C:282CH         SYMBOL        L?0132
  C:283DH         SYMBOL        L?0133
  C:2840H         SYMBOL        L?0134
  C:2849H         SYMBOL        L?0137
  C:2855H         SYMBOL        L?0138
  C:2861H         SYMBOL        L?0141
  -------         PROC          COM0075
  -------         ENDPROC       COM0075
  C:0DC4H         SYMBOL        L?0135
  C:0DCCH         SYMBOL        L?0136
  C:0DD6H         SYMBOL        L?0139
  C:0DDFH         SYMBOL        L?0140
  -------         PROC          MAIN
  -------         DO            
  D:0050H         SYMBOL        u8ResetSrc
  X:027CH         SYMBOL        rTel2
  X:02A9H         SYMBOL        u8PinState
  X:02AAH         SYMBOL        u8ChargeLevel
  X:02ABH         SYMBOL        s16Temp
  X:02ADH         SYMBOL        u16CO2value
  X:02AFH         SYMBOL        u8Len
  X:02B0H         SYMBOL        u8Msg
  X:02D8H         SYMBOL        WakeInterval
  X:02DAH         SYMBOL        CalibCount
  X:02DCH         SYMBOL        CalibCleanLevel
  X:02DEH         SYMBOL        ValidChargeLevel
  X:02DFH         SYMBOL        ControlWXODIO
  X:02E0H         SYMBOL        ForceCalibration
  -------         ENDDO         
  C:0A42H         LINE#         180
  C:0A42H         LINE#         181
  C:0A42H         LINE#         197
  C:0A4BH         LINE#         200
  C:0A54H         LINE#         203
  C:0A66H         LINE#         204
  C:0A66H         LINE#         205
  C:0A66H         LINE#         206
  C:0A66H         LINE#         207
  C:0A71H         LINE#         208
  C:0A74H         LINE#         209
  C:0A8EH         LINE#         210
  C:0A8EH         LINE#         211
  C:0A90H         LINE#         213
  C:0A90H         LINE#         214
  C:0A90H         LINE#         215
  C:0A93H         LINE#         216
  C:0A96H         LINE#         217
  C:0AA8H         LINE#         218
  C:0AA8H         LINE#         219
  C:0AAAH         LINE#         221
  C:0AAAH         LINE#         222
  C:0AADH         LINE#         223
  C:0ACAH         LINE#         224
  C:0ACDH         LINE#         225
  C:0ACDH         LINE#         226
  C:0ACDH         LINE#         229
  C:0ADDH         LINE#         230
BL51 BANKED LINKER/LOCATER V6.22                                                      08/07/2014  16:21:17  PAGE 14


  C:0ADDH         LINE#         231
  C:0ADDH         LINE#         232
  C:0ADFH         LINE#         234
  C:0ADFH         LINE#         235
  C:0AE7H         LINE#         236
  C:0AEAH         LINE#         237
  C:0AF4H         LINE#         238
  C:0AF4H         LINE#         241
  C:0B03H         LINE#         242
  C:0B03H         LINE#         243
  C:0B0DH         LINE#         244
  C:0B0FH         LINE#         246
  C:0B0FH         LINE#         247
  C:0B23H         LINE#         248
  C:0B23H         LINE#         251
  C:0B2FH         LINE#         252
  C:0B2FH         LINE#         253
  C:0B32H         LINE#         254
  C:0B34H         LINE#         256
  C:0B34H         LINE#         257
  C:0B36H         LINE#         258
  C:0B36H         LINE#         261
  C:0B3FH         LINE#         262
  C:0B3FH         LINE#         263
  C:0B49H         LINE#         264
  C:0B4BH         LINE#         266
  C:0B4BH         LINE#         267
  C:0B5AH         LINE#         268
  C:0B5AH         LINE#         274
  C:0B71H         LINE#         275
  C:0B71H         LINE#         276
  C:0B71H         LINE#         286
  C:0B77H         LINE#         287
  C:0B77H         LINE#         288
  C:0B7AH         LINE#         302
  C:0B7AH         LINE#         303
  C:0B7AH         LINE#         304
  C:0B7DH         LINE#         306
  C:0B7DH         LINE#         307
  C:0B7DH         LINE#         317
  C:0B7DH         LINE#         318
  C:0B80H         LINE#         320
  C:0B80H         LINE#         330
  C:0B91H         LINE#         332
  C:0BABH         LINE#         334
  C:0BABH         LINE#         335
  C:0BB4H         LINE#         336
  C:0BBDH         LINE#         337
  C:0BC4H         LINE#         338
  C:0BC4H         LINE#         340
  C:0BCDH         LINE#         341
  C:0BCDH         LINE#         342
  C:0BDBH         LINE#         343
  C:0BE4H         LINE#         344
  C:0BEDH         LINE#         377
  C:0BF9H         LINE#         378
  C:0BF9H         LINE#         380
BL51 BANKED LINKER/LOCATER V6.22                                                      08/07/2014  16:21:17  PAGE 15


  C:0C03H         LINE#         381
  C:0C03H         LINE#         383
  C:0C08H         LINE#         384
  C:0C0EH         LINE#         396
  C:0C15H         LINE#         397
  C:0C15H         LINE#         398
  C:0C1BH         LINE#         399
  C:0C1FH         LINE#         400
  C:0C22H         LINE#         401
  C:0C22H         LINE#         402
  C:0C28H         LINE#         403
  C:0C2AH         LINE#         404
  C:0C30H         LINE#         405
  C:0C30H         LINE#         406
  C:0C32H         LINE#         407
  C:0C36H         LINE#         408
  C:0C39H         LINE#         409
  C:0C39H         LINE#         410
  C:0C39H         LINE#         412
  C:0C61H         LINE#         414
  C:0C61H         LINE#         416
  C:0C64H         LINE#         417
  C:0C6BH         LINE#         419
  C:0CA5H         LINE#         421
  C:0CAAH         LINE#         422
  C:0CB7H         LINE#         423
  C:0CCAH         LINE#         426
  C:0CCAH         LINE#         427
  C:0CD3H         LINE#         428
  C:0CD3H         LINE#         429
  C:0CDCH         LINE#         430
  C:0CE1H         LINE#         431
  C:0CE4H         LINE#         434
  C:0CE4H         LINE#         435
  C:0CE4H         LINE#         436
  C:0CE4H         LINE#         437
  C:0CE4H         LINE#         438
  C:0CE4H         LINE#         439
  C:0CE7H         LINE#         440
  C:0CEDH         LINE#         441
  C:0CF0H         LINE#         442
  C:0CF4H         LINE#         443
  C:0CF9H         LINE#         445
  C:0CFFH         LINE#         447
  C:0D09H         LINE#         448
  C:0D0EH         LINE#         449
  C:0D11H         LINE#         451
  C:0D11H         LINE#         452
  C:0D14H         LINE#         453
  C:0D1AH         LINE#         454
  C:0D1FH         LINE#         455
  C:0D1FH         LINE#         456
  C:0D22H         LINE#         458
  C:0D22H         LINE#         459
  C:0D25H         LINE#         460
  C:0D2AH         LINE#         484
  C:0D2DH         LINE#         485
BL51 BANKED LINKER/LOCATER V6.22                                                      08/07/2014  16:21:17  PAGE 16


  C:0D2DH         LINE#         486
  C:0D30H         LINE#         488
  C:0D30H         LINE#         489
  C:0D37H         LINE#         490
  C:0D40H         LINE#         503
  C:0D49H         LINE#         505
  C:0D50H         LINE#         507
  C:0D6AH         LINE#         508
  C:0D72H         LINE#         510
  C:0D72H         LINE#         511
  C:0D72H         LINE#         512
  C:0D72H         LINE#         513
  C:0D72H         LINE#         514
  C:0D72H         LINE#         516
  C:0D75H         LINE#         518
  C:0D7EH         LINE#         519
  C:0D7EH         LINE#         520
  C:0D82H         LINE#         521
  C:0D84H         LINE#         523
  C:0D84H         LINE#         524
  C:0D8AH         LINE#         526
  C:0D8AH         LINE#         528
  C:0D9AH         LINE#         530
  C:0D9EH         LINE#         531
  C:0DA1H         LINE#         533
  C:0DA7H         LINE#         535
  C:0DACH         LINE#         536
  C:0DB2H         LINE#         537
  C:0DB2H         LINE#         538
  C:0DB2H         LINE#         541
  C:0DC4H         LINE#         542
  -------         ENDPROC       MAIN
  -------         PROC          _MEASURETEMPERATURE
  X:02E1H         SYMBOL        ps16value
  C:3D87H         LINE#         555
  C:3D8DH         LINE#         557
  C:3D92H         LINE#         558
  C:3D9FH         LINE#         559
  -------         ENDPROC       _MEASURETEMPERATURE
  -------         PROC          _SCALETEMPERATURE
  D:0006H         SYMBOL        s16value
  -------         DO            
  X:02E1H         SYMBOL        fTemp
  -------         ENDDO         
  C:3338H         LINE#         595
  C:3338H         LINE#         599
  C:3362H         LINE#         600
  C:3370H         LINE#         601
  C:3373H         LINE#         602
  C:3385H         LINE#         603
  C:3388H         LINE#         605
  C:33A5H         LINE#         606
  -------         ENDPROC       _SCALETEMPERATURE
  -------         PROC          _MEASUREVDD
  X:02E6H         SYMBOL        pu16Value
  -------         DO            
  X:02E9H         SYMBOL        s16Ref
BL51 BANKED LINKER/LOCATER V6.22                                                      08/07/2014  16:21:17  PAGE 17


  X:02EBH         SYMBOL        s16Value
  -------         ENDDO         
  C:33A6H         LINE#         617
  C:33ACH         LINE#         620
  C:33B1H         LINE#         621
  C:33BEH         LINE#         622
  C:33CBH         LINE#         623
  C:33D0H         LINE#         624
  C:33F0H         LINE#         625
  -------         ENDPROC       _MEASUREVDD
  -------         PROC          _MEASURECHARGELEVEL
  X:02E1H         SYMBOL        pu8Level
  -------         DO            
  X:02E4H         SYMBOL        u16VDD
  -------         ENDDO         
  C:372CH         LINE#         641
  C:3732H         LINE#         644
  C:373BH         LINE#         645
  C:3751H         LINE#         646
  C:3761H         LINE#         647
  C:3777H         LINE#         648
  -------         ENDPROC       _MEASURECHARGELEVEL
  -------         PROC          _DEEPSLEEP
  X:02E1H         SYMBOL        u16Sleeptime
  X:02E3H         SYMBOL        u8WakeSrc
  -------         DO            
  X:02E4H         SYMBOL        u32WatchdogPeriode
  X:02E8H         SYMBOL        u8Stable
  -------         ENDDO         
  C:2710H         LINE#         659
  C:271DH         LINE#         663
  C:2720H         LINE#         664
  C:2787H         LINE#         665
  C:279CH         LINE#         666
  C:279CH         LINE#         668
  C:279FH         LINE#         671
  C:27AAH         LINE#         672
  C:27B0H         LINE#         673
  -------         ENDPROC       _DEEPSLEEP
  C:2560H         SYMBOL        L?0131
  -------         PROC          _PARSE_UART
  X:02E1H         SYMBOL        pu16Value
  -------         DO            
  X:02E4H         SYMBOL        u8State
  X:02E5H         SYMBOL        u8Byte
  X:02E6H         SYMBOL        u8Buf
  X:02F0H         SYMBOL        i
  X:02F2H         SYMBOL        j
  -------         ENDDO         
  C:247DH         LINE#         694
  C:2483H         LINE#         701
  C:248CH         LINE#         702
  C:2491H         LINE#         703
  C:2496H         LINE#         704
  C:2496H         LINE#         705
  C:24A7H         LINE#         706
  C:24A7H         LINE#         707
BL51 BANKED LINKER/LOCATER V6.22                                                      08/07/2014  16:21:17  PAGE 18


  C:24ACH         LINE#         708
  C:24B2H         LINE#         709
  C:24BCH         LINE#         710
  C:24BCH         LINE#         711
  C:24BFH         LINE#         712
  C:24BFH         LINE#         713
  C:24C4H         LINE#         714
  C:24C9H         LINE#         715
  C:24C9H         LINE#         716
  C:24C9H         LINE#         717
  C:24CBH         LINE#         718
  C:24CBH         LINE#         719
  C:24CBH         LINE#         720
  C:24CBH         LINE#         721
  C:24CBH         LINE#         722
  C:24CBH         LINE#         723
  C:24D7H         LINE#         724
  C:2503H         LINE#         725
  C:2509H         LINE#         726
  C:250DH         LINE#         727
  C:250DH         LINE#         728
  C:250FH         LINE#         729
  C:250FH         LINE#         730
  C:2519H         LINE#         731
  C:251BH         LINE#         732
  C:251BH         LINE#         733
  C:251BH         LINE#         734
  C:2527H         LINE#         736
  C:2546H         LINE#         738
  C:255FH         LINE#         740
  -------         ENDPROC       _PARSE_UART
  -------         ENDMOD        MAIN

  -------         MODULE        ?C_STARTUP
  C:2D55H         SEGMENT       ?C_C51STARTUP
  I:008CH         SEGMENT       ?STACK
  C:0000H         PUBLIC        ?C_STARTUP
  D:00E0H         SYMBOL        ACC
  D:00F0H         SYMBOL        B
  D:0083H         SYMBOL        DPH
  D:0082H         SYMBOL        DPL
  N:0000H         SYMBOL        IBPSTACK
  N:0100H         SYMBOL        IBPSTACKTOP
  N:0000H         SYMBOL        IDATALEN
  N:0000H         SYMBOL        PBPSTACK
  N:0100H         SYMBOL        PBPSTACKTOP
  N:0000H         SYMBOL        PDATALEN
  N:0000H         SYMBOL        PDATASTART
  N:0000H         SYMBOL        PPAGE
  N:0000H         SYMBOL        PPAGEENABLE
  D:00A0H         SYMBOL        PPAGE_SFR
  D:0081H         SYMBOL        SP
  C:2D55H         SYMBOL        STARTUP1
  N:0000H         SYMBOL        XBPSTACK
  N:0000H         SYMBOL        XBPSTACKTOP
  N:0000H         SYMBOL        XDATALEN
  N:0000H         SYMBOL        XDATASTART
BL51 BANKED LINKER/LOCATER V6.22                                                      08/07/2014  16:21:17  PAGE 19


  C:0000H         LINE#         130
  C:2D55H         LINE#         189
  C:2D58H         LINE#         202
  C:2D5BH         LINE#         203
  -------         ENDMOD        ?C_STARTUP

  -------         MODULE        LRNTELEGRAM
  C:0000H         SYMBOL        _ICE_DUMMY_
  C:3B3BH         PUBLIC        SendLrnTelegram2
  D:0023H         PUBLIC        rTel2
  -------         PROC          SENDLRNTELEGRAM2
  C:3B3BH         LINE#         17
  C:3B3BH         LINE#         18
  C:3B3BH         LINE#         19
  C:3B3EH         LINE#         20
  C:3B41H         LINE#         21
  C:3B43H         LINE#         22
  C:3B45H         LINE#         23
  C:3B47H         LINE#         24
  C:3B49H         LINE#         25
  C:3B4BH         LINE#         26
  C:3B4EH         LINE#         27
  C:3B51H         LINE#         28
  C:3B54H         LINE#         29
  C:3B57H         LINE#         30
  C:3B5AH         LINE#         33
  -------         ENDPROC       SENDLRNTELEGRAM2
  -------         ENDMOD        LRNTELEGRAM

  -------         MODULE        RAM0
  C:0000H         SYMBOL        _ICE_DUMMY_
  C:3FE2H         PUBLIC        ram0Write
  C:3965H         PUBLIC        ram0Init
  X:0385H         PUBLIC        aRam0
  C:3FD9H         PUBLIC        ram0Read
  C:0006H         SYMBOL        Com0004
  C:0006H         SYMBOL        L?0005
  -------         PROC          COM0004
  -------         ENDPROC       COM0004
  -------         PROC          RAM0INIT
  C:3965H         LINE#         17
  C:3965H         LINE#         19
  C:396AH         LINE#         20
  C:3974H         LINE#         21
  C:3979H         LINE#         22
  C:397DH         LINE#         24
  C:398DH         LINE#         25
  C:3996H         LINE#         26
  C:399FH         LINE#         27
  C:39A2H         LINE#         28
  -------         ENDPROC       RAM0INIT
  -------         PROC          RAM0READ
  C:3FD9H         LINE#         38
  C:3FD9H         LINE#         39
  -------         ENDPROC       RAM0READ
  -------         PROC          RAM0WRITE
  C:3FE2H         LINE#         50
BL51 BANKED LINKER/LOCATER V6.22                                                      08/07/2014  16:21:17  PAGE 20


  C:3FE2H         LINE#         51
  -------         ENDPROC       RAM0WRITE
  -------         ENDMOD        RAM0

  -------         MODULE        ?C?CSTPTR
  C:0026H         PUBLIC        ?C?CSTPTR
  -------         ENDMOD        ?C?CSTPTR

  -------         MODULE        ?C?ILDIX
  C:0038H         PUBLIC        ?C?ILDIX
  -------         ENDMOD        ?C?ILDIX

  -------         MODULE        ?C?ILDPTR
  C:004EH         PUBLIC        ?C?ILDPTR
  -------         ENDMOD        ?C?ILDPTR

  -------         MODULE        ?C?ISTPTR
  C:0079H         PUBLIC        ?C?ISTPTR
  -------         ENDMOD        ?C?ISTPTR

  -------         MODULE        ?C?SLCMP
  C:0098H         PUBLIC        ?C?SLCMP
  -------         ENDMOD        ?C?SLCMP

  -------         MODULE        ?C?ULCMP
  C:00AEH         PUBLIC        ?C?ULCMP
  -------         ENDMOD        ?C?ULCMP

  -------         MODULE        ?C?LSTXDATA
  C:00BFH         PUBLIC        ?C?LSTXDATA
  -------         ENDMOD        ?C?LSTXDATA

  -------         MODULE        PRINTF
  X:02E1H         PUBLIC        ?_PRINTF517?BYTE
  X:02E1H         PUBLIC        ?_PRINTF?BYTE
  X:02E1H         PUBLIC        ?_SPRINTF517?BYTE
  X:02E1H         PUBLIC        ?_SPRINTF?BYTE
  C:0E52H         PUBLIC        _PRINTF
  C:0E52H         PUBLIC        _PRINTF517
  C:0E4CH         PUBLIC        _SPRINTF
  C:0E4CH         PUBLIC        _SPRINTF517
  -------         ENDMOD        PRINTF

  -------         MODULE        ?C?UIDIVR515
  C:00CBH         PUBLIC        ?C?UIDIVR515
  -------         ENDMOD        ?C?UIDIVR515

  -------         MODULE        ?C?ULDIVR515
  C:00E5H         PUBLIC        ?C?ULDIVR515
  -------         ENDMOD        ?C?ULDIVR515

  -------         MODULE        ?C?LMULR515
  C:01A4H         PUBLIC        ?C?LMULR515
  -------         ENDMOD        ?C?LMULR515

  -------         MODULE        IO_ENABLEANALOG
  C:0000H         SYMBOL        _ICE_DUMMY_
BL51 BANKED LINKER/LOCATER V6.22                                                      08/07/2014  16:21:17  PAGE 21


  X:0353H         PUBLIC        u32gDvdd1Data0Backup
  X:0357H         PUBLIC        u32gDvdd1Data1Backup
  X:035BH         PUBLIC        s16gAnalogOffset
  D:00A4H         PUBLIC        IRQ_IRX_IRQ
  D:00D4H         PUBLIC        SYSTEM_SYS_STATUS
  D:008DH         PUBLIC        GPIO_ASC_CONF0
  D:008FH         PUBLIC        GPIO_ASC_CONF1
  D:00BBH         PUBLIC        GPIO_ASC_CONF2
  D:00CBH         PUBLIC        GPIO_ASC_CONF6
  D:009DH         PUBLIC        GPIO_ASC_CONF7
  D:00AEH         PUBLIC        GPIO_ASC_CONF8
  D:009FH         PUBLIC        SYNTH_FRACN_CHANNEL_HI
  C:3162H         PUBLIC        RestoreRegister
  X:035DH         PUBLIC        u8gSysModeBackup
  D:009EH         PUBLIC        SYNTH_FRACN_CHANNEL_LO
  X:035EH         PUBLIC        u8gRxDemodMuxesBackup
  X:035FH         PUBLIC        u8gSysCtrlBackup
  X:0360H         PUBLIC        u8gRxIfIMuxesBackup
  D:00DCH         PUBLIC        SYSTEM_SYS_MODE
  D:00D2H         PUBLIC        GPIO_OVR_ANA_CTRL
  X:0361H         PUBLIC        u8gOvrAnaCtrlBackup
  X:0362H         PUBLIC        u8gRxIfQMuxesBackup
  X:0363H         PUBLIC        u8gDvdd1Data2Backup
  C:32C9H         PUBLIC        SaveRegister
  D:00DEH         PUBLIC        SYSTEM_SYS_CTRL
  X:0364H         PUBLIC        u8gAnalogStored
  X:0365H         PUBLIC        u8gSysMode1Backup
  C:2650H         PUBLIC        _io_enableAnalog
  C:2702H         SYMBOL        L?0015
  -------         PROC          _IO_ENABLEANALOG
  D:0007H         SYMBOL        u8Enable
  C:2650H         LINE#         23
  C:2650H         LINE#         24
  C:2650H         LINE#         25
  C:2653H         LINE#         26
  C:2653H         LINE#         28
  C:2658H         LINE#         30
  C:265DH         LINE#         31
  C:266BH         LINE#         34
  C:266EH         LINE#         36
  C:2674H         LINE#         38
  C:267DH         LINE#         39
  C:2686H         LINE#         40
  C:268FH         LINE#         42
  C:2692H         LINE#         43
  C:2695H         LINE#         44
  C:2698H         LINE#         46
  C:269FH         LINE#         47
  C:26A6H         LINE#         48
  C:26AFH         LINE#         49
  C:26B8H         LINE#         50
  C:26C5H         LINE#         51
  C:26C5H         LINE#         53
  C:26C5H         LINE#         54
  C:26C8H         LINE#         55
  C:26CFH         LINE#         57
  C:26D1H         LINE#         58
BL51 BANKED LINKER/LOCATER V6.22                                                      08/07/2014  16:21:17  PAGE 22


  C:26D4H         LINE#         59
  C:26D7H         LINE#         60
  C:26DAH         LINE#         61
  C:26DDH         LINE#         62
  C:26DFH         LINE#         64
  C:26E4H         LINE#         66
  C:26E7H         LINE#         68
  C:26ECH         LINE#         69
  C:2701H         LINE#         70
  C:2701H         LINE#         71
  -------         ENDPROC       _IO_ENABLEANALOG
  -------         PROC          SAVEREGISTER
  C:32C9H         LINE#         73
  C:32C9H         LINE#         74
  C:32C9H         LINE#         75
  C:32CFH         LINE#         78
  C:32D5H         LINE#         79
  C:32DDH         LINE#         80
  C:32E3H         LINE#         81
  C:32EFH         LINE#         82
  C:32FBH         LINE#         83
  C:3307H         LINE#         84
  C:330DH         LINE#         85
  C:331AH         LINE#         86
  C:3327H         LINE#         87
  C:3333H         LINE#         88
  C:3337H         LINE#         89
  -------         ENDPROC       SAVEREGISTER
  C:31C1H         SYMBOL        L?0014
  C:31D4H         SYMBOL        L?0016
  -------         PROC          RESTOREREGISTER
  C:3162H         LINE#         91
  C:3162H         LINE#         92
  C:3162H         LINE#         93
  C:316AH         LINE#         94
  C:3172H         LINE#         95
  C:317EH         LINE#         96
  C:3187H         LINE#         97
  C:318DH         LINE#         98
  C:3195H         LINE#         99
  C:319BH         LINE#         100
  C:31A1H         LINE#         101
  C:31A9H         LINE#         102
  C:31B5H         LINE#         103
  C:31BBH         LINE#         104
  C:31C0H         LINE#         105
  -------         ENDPROC       RESTOREREGISTER
  -------         ENDMOD        IO_ENABLEANALOG

  -------         MODULE        IO_GETDIGITAL
  C:0000H         SYMBOL        _ICE_DUMMY_
  D:00A1H         PUBLIC        GPIO_GPIO0_DIR
  D:00AFH         PUBLIC        GPIO_GPIO1_DIR
  D:00D1H         PUBLIC        GPIO_GPIO2_DIR
  C:34CAH         PUBLIC        _io_getDigital
  D:0080H         PUBLIC        GPIO_GPIO0
  D:0090H         PUBLIC        GPIO_GPIO1
BL51 BANKED LINKER/LOCATER V6.22                                                      08/07/2014  16:21:17  PAGE 23


  D:00B0H         PUBLIC        GPIO_GPIO2
  -------         PROC          _IO_GETDIGITAL
  D:0007H         SYMBOL        u8Pin
  D:0001H         SYMBOL        pu8Value
  C:34CAH         LINE#         36
  C:34CAH         LINE#         37
  C:34CAH         LINE#         40
  C:34D0H         LINE#         41
  C:34D0H         LINE#         42
  C:34D5H         LINE#         43
  C:34D5H         LINE#         44
  C:34DBH         LINE#         45
  C:34DDH         LINE#         50
  C:34DDH         LINE#         51
  C:34E2H         LINE#         52
  C:34E4H         LINE#         54
  C:34E4H         LINE#         55
  C:34E6H         LINE#         57
  C:34E6H         LINE#         60
  C:34ECH         LINE#         61
  C:34ECH         LINE#         62
  C:34F0H         LINE#         63
  C:34F4H         LINE#         64
  C:34F4H         LINE#         65
  C:34FAH         LINE#         66
  C:34FCH         LINE#         68
  C:34FCH         LINE#         69
  C:34FEH         LINE#         71
  C:34FEH         LINE#         72
  C:3503H         LINE#         73
  C:3505H         LINE#         75
  C:3505H         LINE#         76
  C:3507H         LINE#         78
  C:3507H         LINE#         82
  C:350BH         LINE#         83
  C:350FH         LINE#         84
  C:350FH         LINE#         85
  C:3515H         LINE#         86
  C:3517H         LINE#         88
  C:3517H         LINE#         89
  C:3519H         LINE#         91
  C:3519H         LINE#         92
  C:351EH         LINE#         93
  C:3522H         LINE#         95
  C:3526H         LINE#         96
  C:3526H         LINE#         97
  -------         ENDPROC       _IO_GETDIGITAL
  -------         ENDMOD        IO_GETDIGITAL

  -------         MODULE        IO_INIT
  C:0000H         SYMBOL        _ICE_DUMMY_
  X:03B5H         PUBLIC        u8gApp_atb0
  X:03B6H         PUBLIC        u8gApp_atb1
  X:03B7H         PUBLIC        u8gLastSignal
  D:0089H         PUBLIC        GPIO_GPIO1_PULL
  D:00BDH         PUBLIC        GPIO_GPIO0_PULL_CONF
  B:0022H.3       PUBLIC        bgIoExtIRQ
BL51 BANKED LINKER/LOCATER V6.22                                                      08/07/2014  16:21:17  PAGE 24


  D:009BH         PUBLIC        GPIO_GPIO1_CONF0
  D:00ABH         PUBLIC        GPIO_GPIO1_CONF1
  D:00CCH         PUBLIC        GPIO_GPIO1_DIG_CONF
  D:00A1H         PUBLIC        GPIO_GPIO0_DIR
  D:00AFH         PUBLIC        GPIO_GPIO1_DIR
  D:00D1H         PUBLIC        GPIO_GPIO2_DIR
  D:00CFH         PUBLIC        GPIO_GPIO_CONF
  I:0086H         PUBLIC        u8gGPIO0Shadow
  I:0087H         PUBLIC        u8gGPIO1Shadow
  D:00BEH         PUBLIC        GPIO_GPIO1_AN
  I:0088H         PUBLIC        u8gGPIO2Shadow
  C:2B01H         PUBLIC        _io_init
  D:0080H         PUBLIC        GPIO_GPIO0
  D:0090H         PUBLIC        GPIO_GPIO1
  X:03B8H         PUBLIC        u8gAnalogMode
  D:00B0H         PUBLIC        GPIO_GPIO2
  D:00A3H         PUBLIC        GPIO_GPIO0_CONF
  D:00D3H         PUBLIC        GPIO_GPIO2_CONF
  -------         PROC          _IO_INIT
  D:0001H         SYMBOL        pu8Param
  C:2B01H         LINE#         19
  C:2B01H         LINE#         20
  C:2B01H         LINE#         22
  C:2B0AH         LINE#         23
  C:2B13H         LINE#         24
  C:2B1CH         LINE#         26
  C:2B21H         LINE#         27
  C:2B25H         LINE#         30
  C:2B2DH         LINE#         31
  C:2B35H         LINE#         32
  C:2B3DH         LINE#         34
  C:2B46H         LINE#         35
  C:2B4EH         LINE#         36
  C:2B56H         LINE#         37
  C:2B5EH         LINE#         38
  C:2B66H         LINE#         39
  C:2B6EH         LINE#         41
  C:2B77H         LINE#         42
  C:2B7CH         LINE#         43
  C:2B84H         LINE#         45
  C:2B89H         LINE#         46
  C:2B8BH         LINE#         48
  C:2B98H         LINE#         50
  C:2B9DH         LINE#         51
  -------         ENDPROC       _IO_INIT
  -------         ENDMOD        IO_INIT

  -------         MODULE        IO_SETDIGITAL
  C:0000H         SYMBOL        _ICE_DUMMY_
  C:3636H         PUBLIC        _io_setDigital
  D:0080H         PUBLIC        GPIO_GPIO0
  D:0090H         PUBLIC        GPIO_GPIO1
  D:00B0H         PUBLIC        GPIO_GPIO2
  -------         PROC          _IO_SETDIGITAL
  D:0007H         SYMBOL        u8Pin
  D:0005H         SYMBOL        u8Value
  C:3636H         LINE#         39
BL51 BANKED LINKER/LOCATER V6.22                                                      08/07/2014  16:21:17  PAGE 25


  C:3636H         LINE#         40
  C:3636H         LINE#         43
  C:363CH         LINE#         44
  C:363CH         LINE#         45
  C:363FH         LINE#         46
  C:3646H         LINE#         48
  C:364CH         LINE#         50
  C:3652H         LINE#         52
  C:3652H         LINE#         55
  C:3658H         LINE#         56
  C:3658H         LINE#         57
  C:365CH         LINE#         58
  C:365FH         LINE#         59
  C:3666H         LINE#         61
  C:366CH         LINE#         63
  C:3672H         LINE#         65
  C:3672H         LINE#         68
  C:3676H         LINE#         69
  C:3679H         LINE#         70
  C:3680H         LINE#         72
  C:3686H         LINE#         74
  C:368BH         LINE#         75
  -------         ENDPROC       _IO_SETDIGITAL
  -------         ENDMOD        IO_SETDIGITAL

  -------         MODULE        IO_TOGDIGITAL
  C:0000H         SYMBOL        _ICE_DUMMY_
  C:3BCBH         PUBLIC        _io_togDigital
  D:0080H         PUBLIC        GPIO_GPIO0
  D:0090H         PUBLIC        GPIO_GPIO1
  D:00B0H         PUBLIC        GPIO_GPIO2
  -------         PROC          _IO_TOGDIGITAL
  D:0007H         SYMBOL        u8Pin
  C:3BCBH         LINE#         37
  C:3BCBH         LINE#         38
  C:3BCBH         LINE#         41
  C:3BD1H         LINE#         42
  C:3BD1H         LINE#         43
  C:3BD6H         LINE#         44
  C:3BDAH         LINE#         46
  C:3BDAH         LINE#         49
  C:3BE1H         LINE#         50
  C:3BE1H         LINE#         51
  C:3BE7H         LINE#         52
  C:3BEBH         LINE#         54
  C:3BEBH         LINE#         57
  C:3BF1H         LINE#         58
  C:3BF4H         LINE#         59
  -------         ENDPROC       _IO_TOGDIGITAL
  -------         ENDMOD        IO_TOGDIGITAL

  -------         MODULE        IO_ULPMEASANALOG
  C:0000H         SYMBOL        _ICE_DUMMY_
  C:226CH         PUBLIC        _io_ulpScaleAnalog
  C:39A3H         PUBLIC        _io_ulpMeasAnalog
  C:3DDCH         SYMBOL        Com0016
  C:3DDCH         SYMBOL        L?0023
BL51 BANKED LINKER/LOCATER V6.22                                                      08/07/2014  16:21:17  PAGE 26


  C:3DDFH         SYMBOL        L?0024
  C:3DEBH         SYMBOL        L?0025
  -------         PROC          COM0016
  -------         ENDPROC       COM0016
  -------         PROC          _IO_ULPMEASANALOG
  D:0007H         SYMBOL        u8MeasPos
  D:0005H         SYMBOL        u8MeasNeg
  X:02EDH         SYMBOL        ps16Value
  C:39A3H         LINE#         6
  C:39AEH         LINE#         7
  C:39AEH         LINE#         9
  C:39B4H         LINE#         10
  C:39B7H         LINE#         13
  C:39DDH         LINE#         15
  C:39DFH         LINE#         16
  -------         ENDPROC       _IO_ULPMEASANALOG
  -------         PROC          _IO_ULPSCALEANALOG
  X:02EDH         SYMBOL        s16Ref
  D:0004H         SYMBOL        s16Meas
  X:02F1H         SYMBOL        u8Res
  X:02F2H         SYMBOL        pu16Value
  -------         DO            
  X:02F5H         SYMBOL        u32Meas
  X:02F9H         SYMBOL        u16Ref
  X:02FBH         SYMBOL        u16Meas
  -------         ENDDO         
  C:226CH         LINE#         18
  C:2279H         LINE#         19
  C:2279H         LINE#         26
  C:2288H         LINE#         30
  C:2298H         LINE#         31
  C:22A3H         LINE#         33
  C:22B2H         LINE#         35
  C:22BAH         LINE#         36
  C:22C5H         LINE#         38
  C:22CDH         LINE#         43
  C:22D2H         LINE#         44
  C:22D2H         LINE#         47
  C:22DCH         LINE#         48
  C:22E2H         LINE#         49
  C:22E5H         LINE#         50
  C:22EBH         LINE#         51
  C:22EDH         LINE#         52
  C:22F7H         LINE#         53
  C:22F7H         LINE#         56
  C:2300H         LINE#         57
  C:2306H         LINE#         58
  C:2309H         LINE#         59
  C:2328H         LINE#         60
  C:2333H         LINE#         61
  C:2335H         LINE#         63
  C:2335H         LINE#         65
  C:2346H         LINE#         66
  C:2358H         LINE#         67
  C:237CH         LINE#         68
  C:237CH         LINE#         69
  -------         ENDPROC       _IO_ULPSCALEANALOG
BL51 BANKED LINKER/LOCATER V6.22                                                      08/07/2014  16:21:17  PAGE 27


  -------         ENDMOD        IO_ULPMEASANALOG

  -------         MODULE        MEM_READRAM0
  C:0000H         SYMBOL        _ICE_DUMMY_
  C:3527H         PUBLIC        _mem_readRAM0
  -------         PROC          _MEM_READRAM0
  D:0001H         SYMBOL        p8DstAddr
  D:0005H         SYMBOL        u8SrcAddr
  X:02E5H         SYMBOL        u8NumBytes
  -------         DO            
  D:0051H         SYMBOL        u8Num
  D:0052H         SYMBOL        p8Dst
  D:0055H         SYMBOL        u8Src
  -------         ENDDO         
  C:3527H         LINE#         11
  C:3527H         LINE#         12
  C:3527H         LINE#         13
  C:352DH         LINE#         14
  C:3533H         LINE#         15
  C:3537H         LINE#         18
  C:3549H         LINE#         19
  C:354CH         LINE#         21
  C:3553H         LINE#         22
  C:3553H         LINE#         23
  C:356EH         LINE#         24
  C:357FH         LINE#         26
  C:3581H         LINE#         27
  -------         ENDPROC       _MEM_READRAM0
  -------         ENDMOD        MEM_READRAM0

  -------         MODULE        MEM_WRITERAM0
  C:0000H         SYMBOL        _ICE_DUMMY_
  C:3582H         PUBLIC        _mem_writeRAM0
  -------         PROC          _MEM_WRITERAM0
  D:0001H         SYMBOL        p8SrcAddr
  D:0005H         SYMBOL        u8DstAddr
  X:02EDH         SYMBOL        u8NumBytes
  -------         DO            
  D:0051H         SYMBOL        u8Num
  D:0052H         SYMBOL        p8Src
  D:0055H         SYMBOL        u8Dst
  -------         ENDDO         
  C:3582H         LINE#         10
  C:3582H         LINE#         11
  C:3582H         LINE#         12
  C:3588H         LINE#         13
  C:358EH         LINE#         14
  C:3592H         LINE#         17
  C:35A4H         LINE#         18
  C:35A7H         LINE#         20
  C:35AEH         LINE#         21
  C:35AEH         LINE#         22
  C:35C9H         LINE#         23
  C:35DAH         LINE#         25
  C:35DCH         LINE#         26
  -------         ENDPROC       _MEM_WRITERAM0
  -------         ENDMOD        MEM_WRITERAM0
BL51 BANKED LINKER/LOCATER V6.22                                                      08/07/2014  16:21:17  PAGE 28



  -------         MODULE        MISC_INIT
  C:0000H         SYMBOL        _ICE_DUMMY_
  X:FE00H         PUBLIC        gModArea
  B:00A8H.7       PUBLIC        EA
  C:FE00H         PUBLIC        gSwiArea
  C:3E10H         PUBLIC        VERSION
  B:0021H.7       PUBLIC        bgTimerIRQ
  B:0022H.0       PUBLIC        gbSchedullerRunning
  C:389EH         PUBLIC        misc_init
  D:00A9H         PUBLIC        IP0
  D:00B9H         PUBLIC        IP1
  D:0077H         PUBLIC        ug32SystemTimer
  C:3FFCH         SYMBOL        Com0002
  C:3FFCH         SYMBOL        L?0003
  C:3FFCH         SYMBOL        L?0004
  -------         PROC          COM0002
  -------         ENDPROC       COM0002
  -------         PROC          MISC_INIT
  -------         DO            
  D:0051H         SYMBOL        u32id
  D:0006H         SYMBOL        u16seed
  -------         ENDDO         
  C:389EH         LINE#         24
  C:389EH         LINE#         25
  C:389EH         LINE#         29
  C:38A7H         LINE#         31
  C:38ABH         LINE#         32
  C:38B3H         LINE#         33
  C:38B9H         LINE#         34
  C:38BFH         LINE#         35
  C:38C7H         LINE#         36
  C:38D1H         LINE#         40
  C:38D4H         LINE#         42
  C:38D9H         LINE#         45
  C:38DCH         LINE#         46
  C:38DFH         LINE#         49
  C:38E1H         LINE#         54
  -------         ENDPROC       MISC_INIT
  -------         ENDMOD        MISC_INIT

  -------         MODULE        PWR_GETSLEEPTIMERSTABLE
  C:0000H         SYMBOL        _ICE_DUMMY_
  D:00D6H         PUBLIC        SYSTEM_SYS_CLK_STATUS
  C:286BH         PUBLIC        _pwr_getSleepTimerStable
  -------         PROC          _PWR_GETSLEEPTIMERSTABLE
  X:03B9H         SYMBOL        timer
  X:03BAH         SYMBOL        pu8timerStable
  C:286BH         LINE#         37
  C:287BH         LINE#         38
  C:287BH         LINE#         40
  C:288AH         LINE#         44
  C:28A0H         LINE#         45
  C:28A0H         LINE#         46
  C:28A0H         LINE#         47
  C:28A0H         LINE#         50
  C:28BEH         LINE#         51
BL51 BANKED LINKER/LOCATER V6.22                                                      08/07/2014  16:21:17  PAGE 29


  C:28BEH         LINE#         52
  C:28CEH         LINE#         53
  C:28CEH         LINE#         54
  C:28D0H         LINE#         55
  C:28D0H         LINE#         56
  C:28D0H         LINE#         57
  C:28D0H         LINE#         59
  C:28E3H         LINE#         60
  C:28E3H         LINE#         61
  C:28F3H         LINE#         62
  C:28F3H         LINE#         63
  C:28F5H         LINE#         64
  C:28F5H         LINE#         65
  C:28F5H         LINE#         66
  C:28F5H         LINE#         67
  C:2900H         LINE#         68
  C:2900H         LINE#         69
  C:2910H         LINE#         70
  C:2910H         LINE#         71
  C:2912H         LINE#         72
  C:2912H         LINE#         73
  C:2912H         LINE#         75
  C:2915H         LINE#         76
  C:2915H         LINE#         78
  C:2917H         LINE#         79
  -------         ENDPROC       _PWR_GETSLEEPTIMERSTABLE
  -------         ENDMOD        PWR_GETSLEEPTIMERSTABLE

  -------         MODULE        PWR_GETSYSTEMRESET
  C:0000H         SYMBOL        _ICE_DUMMY_
  C:340BH         PUBLIC        _pwr_getSystemReset
  D:00D4H         PUBLIC        SYSTEM_SYS_STATUS
  D:00DDH         PUBLIC        SYSTEM_SYS_IRQ
  -------         PROC          _PWR_GETSYSTEMRESET
  D:0001H         SYMBOL        pu8resetEvent
  C:340BH         LINE#         6
  C:340BH         LINE#         7
  C:340BH         LINE#         10
  C:3410H         LINE#         12
  C:3418H         LINE#         13
  C:3418H         LINE#         15
  C:341AH         LINE#         16
  C:341CH         LINE#         17
  C:3424H         LINE#         18
  C:3424H         LINE#         20
  C:3426H         LINE#         21
  C:3428H         LINE#         22
  C:342CH         LINE#         23
  C:342CH         LINE#         25
  C:342EH         LINE#         26
  C:3430H         LINE#         27
  C:3434H         LINE#         28
  C:3434H         LINE#         30
  C:3436H         LINE#         31
  C:3438H         LINE#         33
  C:343CH         LINE#         34
  C:343CH         LINE#         36
BL51 BANKED LINKER/LOCATER V6.22                                                      08/07/2014  16:21:17  PAGE 30


  C:343EH         LINE#         37
  C:3440H         LINE#         38
  C:3448H         LINE#         39
  C:3448H         LINE#         40
  C:344AH         LINE#         41
  C:344CH         LINE#         42
  C:3450H         LINE#         43
  C:3450H         LINE#         44
  C:3452H         LINE#         45
  C:3454H         LINE#         46
  C:3458H         LINE#         47
  C:3458H         LINE#         48
  C:345AH         LINE#         49
  C:345CH         LINE#         50
  C:3460H         LINE#         51
  C:3460H         LINE#         53
  C:3464H         LINE#         54
  C:3464H         LINE#         57
  C:3467H         LINE#         58
  C:346AH         LINE#         61
  -------         ENDPROC       _PWR_GETSYSTEMRESET
  -------         ENDMOD        PWR_GETSYSTEMRESET

  -------         MODULE        PWR_SETSLEEPTIMER
  C:0000H         SYMBOL        _ICE_DUMMY_
  C:256BH         PUBLIC        _pwr_setSleepTimer
  D:00D4H         PUBLIC        SYSTEM_SYS_STATUS
  D:00DDH         PUBLIC        SYSTEM_SYS_IRQ
  D:00DCH         PUBLIC        SYSTEM_SYS_MODE
  C:3FB5H         SYMBOL        Com0016
  C:3FB5H         SYMBOL        L?0023
  -------         PROC          COM0016
  -------         ENDPROC       COM0016
  -------         PROC          _PWR_SETSLEEPTIMER
  D:0007H         SYMBOL        timer
  X:02F5H         SYMBOL        timerPeriod
  X:02F9H         SYMBOL        shortTimerMode
  C:256BH         LINE#         7
  C:256BH         LINE#         8
  C:256BH         LINE#         9
  C:2579H         LINE#         10
  C:2579H         LINE#         11
  C:2579H         LINE#         12
  C:2579H         LINE#         14
  C:2584H         LINE#         17
  C:259FH         LINE#         19
  C:25A2H         LINE#         21
  C:25A5H         LINE#         22
  C:25A5H         LINE#         23
  C:25A5H         LINE#         24
  C:25A5H         LINE#         26
  C:25AAH         LINE#         27
  C:25AAH         LINE#         29
  C:25B2H         LINE#         30
  C:25B2H         LINE#         32
  C:25BDH         LINE#         34
  C:25C6H         LINE#         36
BL51 BANKED LINKER/LOCATER V6.22                                                      08/07/2014  16:21:17  PAGE 31


  C:25D1H         LINE#         38
  C:25DEH         LINE#         40
  C:25E1H         LINE#         41
  C:25E3H         LINE#         42
  C:25E3H         LINE#         43
  C:25E3H         LINE#         44
  C:25E3H         LINE#         46
  C:25ECH         LINE#         48
  C:25F1H         LINE#         49
  C:25F1H         LINE#         51
  C:25F9H         LINE#         52
  C:25F9H         LINE#         54
  C:260CH         LINE#         56
  C:2617H         LINE#         58
  C:261AH         LINE#         60
  C:2625H         LINE#         61
  C:2625H         LINE#         63
  C:262BH         LINE#         64
  C:262DH         LINE#         66
  C:262DH         LINE#         68
  C:263DH         LINE#         69
  C:263DH         LINE#         71
  C:264AH         LINE#         73
  C:264AH         LINE#         74
  C:264AH         LINE#         75
  C:264DH         LINE#         76
  C:264DH         LINE#         77
  C:264FH         LINE#         78
  -------         ENDPROC       _PWR_SETSLEEPTIMER
  -------         ENDMOD        PWR_SETSLEEPTIMER

  -------         MODULE        PWR_TIMERSLEEP
  C:0000H         SYMBOL        _ICE_DUMMY_
  D:00C1H         PUBLIC        TIMER_0_IE
  B:00A8H.7       PUBLIC        EA
  D:00ADH         PUBLIC        IRQ_ISYS_IE
  D:00A8H         PUBLIC        IEN0
  D:00D4H         PUBLIC        SYSTEM_SYS_STATUS
  D:00DDH         PUBLIC        SYSTEM_SYS_IRQ
  B:0098H.0       PUBLIC        RI
  B:0098H.1       PUBLIC        TI
  D:00A5H         PUBLIC        IRQ_IRX_IE
  D:0087H         PUBLIC        PCON
  D:00A7H         PUBLIC        IRQ_ITX_IE
  D:00DCH         PUBLIC        SYSTEM_SYS_MODE
  C:2918H         PUBLIC        _pwr_timerSleep
  D:00DEH         PUBLIC        SYSTEM_SYS_CTRL
[...]
  C:0000H         SYMBOL        _ICE_DUMMY_
  C:185DH         PUBLIC        _radio_convertComToAdv
  C:38E2H         SYMBOL        Com001E
BL51 BANKED LINKER/LOCATER V6.22                                                      08/07/2014  16:21:17  PAGE 86


  C:38E2H         SYMBOL        L?0031
  C:38F6H         SYMBOL        L?0032
  C:38F7H         SYMBOL        L?0033
  C:3908H         SYMBOL        L?0034
  C:3908H         SYMBOL        L?0035
  C:390BH         SYMBOL        L?0036
  C:3914H         SYMBOL        L?0037
  C:3915H         SYMBOL        L?0038
  C:391DH         SYMBOL        L?0039
  -------         PROC          COM001E
  -------         ENDPROC       COM001E
  -------         PROC          _RADIO_CONVERTCOMTOADV
  X:0377H         SYMBOL        pCom
  X:037AH         SYMBOL        pAdv
  -------         DO            
  C:3FCEH         SYMBOL        RORG
  D:007CH         SYMBOL        u8i
  X:037DH         SYMBOL        u8Range
  B:0022H.1       SYMBOL        ADT
  B:0022H.2       SYMBOL        RPS
  D:0007H         SYMBOL        u8Byte1
  X:037EH         SYMBOL        pu8Adv
  X:0381H         SYMBOL        pu8Com
  X:0384H         SYMBOL        u8NumBytes
  D:0006H         SYMBOL        u8State
  -------         ENDDO         
  C:185DH         LINE#         13
  C:1864H         LINE#         14
  C:1864H         LINE#         18
  C:186AH         LINE#         19
  C:186CH         LINE#         20
  C:186EH         LINE#         21
  C:1870H         LINE#         22
  C:1880H         LINE#         24
  C:1890H         LINE#         25
  C:18A3H         LINE#         26
  C:18B2H         LINE#         28
  C:18BDH         LINE#         29
  C:18BDH         LINE#         31
  C:18C0H         LINE#         32
  C:18D5H         LINE#         34
  C:18E9H         LINE#         35
  C:18F4H         LINE#         36
  C:18F7H         LINE#         37
  C:18F7H         LINE#         39
  C:18FBH         LINE#         40
  C:18FBH         LINE#         41
  C:18FFH         LINE#         42
  C:1901H         LINE#         43
  C:190BH         LINE#         44
  C:1911H         LINE#         45
  C:1913H         LINE#         47
  C:1917H         LINE#         49
  C:191AH         LINE#         50
  C:191AH         LINE#         51
  C:192AH         LINE#         52
  C:192AH         LINE#         53
BL51 BANKED LINKER/LOCATER V6.22                                                      08/07/2014  16:21:17  PAGE 87


  C:192EH         LINE#         54
  C:1930H         LINE#         55
  C:1934H         LINE#         56
  C:1936H         LINE#         57
  C:1936H         LINE#         58
  C:193DH         LINE#         60
  C:1942H         LINE#         61
  C:1946H         LINE#         63
  C:194BH         LINE#         64
  C:194BH         LINE#         65
  C:194EH         LINE#         66
  C:1955H         LINE#         67
  C:195CH         LINE#         68
  C:195CH         LINE#         69
  C:1963H         LINE#         72
  C:1968H         LINE#         73
  C:1968H         LINE#         74
  C:1975H         LINE#         75
  C:1975H         LINE#         77
  C:198BH         LINE#         78
  C:198BH         LINE#         79
  C:1999H         LINE#         80
  C:199DH         LINE#         82
  C:19A0H         LINE#         83
  C:19A0H         LINE#         84
  C:19B2H         LINE#         85
  C:19B2H         LINE#         86
  C:19B9H         LINE#         87
  C:19BDH         LINE#         88
  C:19C4H         LINE#         89
  C:19C4H         LINE#         91
  C:19C7H         LINE#         92
  C:19DCH         LINE#         95
  C:19DCH         LINE#         96
  C:19E9H         LINE#         97
  C:19FEH         LINE#         98
  C:1A09H         LINE#         99
  C:1A09H         LINE#         102
  C:1A27H         LINE#         103
  C:1A29H         LINE#         104
  -------         ENDPROC       _RADIO_CONVERTCOMTOADV
  -------         ENDMOD        RADIO_CONVERTCOMTOADV

  -------         MODULE        ?C?CSTOPTR
  C:0624H         PUBLIC        ?C?CSTOPTR
  -------         ENDMOD        ?C?CSTOPTR

  -------         MODULE        ?C?LSTIDATA
  C:0646H         PUBLIC        ?C?LSTIDATA
  -------         ENDMOD        ?C?LSTIDATA

  -------         MODULE        ?C?LSTPDATA
  C:0652H         PUBLIC        ?C?LSTPDATA
  -------         ENDMOD        ?C?LSTPDATA

  -------         MODULE        PROC_CRC8
  C:0000H         SYMBOL        _ICE_DUMMY_
BL51 BANKED LINKER/LOCATER V6.22                                                      08/07/2014  16:21:17  PAGE 88


  C:237DH         PUBLIC        u8CRC8Table
  -------         ENDMOD        PROC_CRC8

  -------         MODULE        PWR_RESETSLEEPTIMER
  C:0000H         SYMBOL        _ICE_DUMMY_
  D:00D4H         PUBLIC        SYSTEM_SYS_STATUS
  C:306AH         PUBLIC        _pwr_resetSleepTimer
  -------         PROC          _PWR_RESETSLEEPTIMER
  D:0007H         SYMBOL        timer
  C:306AH         LINE#         37
  C:306AH         LINE#         38
  C:306AH         LINE#         40
  C:3075H         LINE#         41
  C:3075H         LINE#         42
  C:3075H         LINE#         46
  C:3080H         LINE#         47
  C:3083H         LINE#         50
  C:3093H         LINE#         52
  C:3096H         LINE#         54
  C:3098H         LINE#         56
  C:3098H         LINE#         58
  C:30A1H         LINE#         61
  C:30AEH         LINE#         65
  C:30AEH         LINE#         67
  C:30B7H         LINE#         69
  C:30C2H         LINE#         71
  C:30D4H         LINE#         73
  C:30E1H         LINE#         77
  C:30E1H         LINE#         79
  C:30E4H         LINE#         80
  C:30E4H         LINE#         82
  C:30E6H         LINE#         83
  -------         ENDPROC       _PWR_RESETSLEEPTIMER
  -------         ENDMOD        PWR_RESETSLEEPTIMER

  -------         MODULE        PWR_SETFLYWHEELTAP
  C:0000H         SYMBOL        _ICE_DUMMY_
  C:3F13H         PUBLIC        _pwr_setFlywheelTap
  -------         PROC          _PWR_SETFLYWHEELTAP
  D:0004H         SYMBOL        tapValue
  C:3F13H         LINE#         36
  C:3F13H         LINE#         37
  C:3F13H         LINE#         39
  C:3F1CH         LINE#         42
  C:3F27H         LINE#         44
  -------         ENDPROC       _PWR_SETFLYWHEELTAP
  -------         ENDMOD        PWR_SETFLYWHEELTAP

  -------         MODULE        RADIO_ISRECEIVING
  C:0000H         SYMBOL        _ICE_DUMMY_
  C:3DF6H         PUBLIC        radio_isReceiving
  -------         PROC          RADIO_ISRECEIVING
  C:3DF6H         LINE#         17
  C:3DF6H         LINE#         18
  C:3DF6H         LINE#         20
  C:3DFBH         LINE#         21
  C:3DFEH         LINE#         23
BL51 BANKED LINKER/LOCATER V6.22                                                      08/07/2014  16:21:17  PAGE 89


  C:3E0AH         LINE#         24
  C:3E0DH         LINE#         26
  C:3E0FH         LINE#         27
  -------         ENDPROC       RADIO_ISRECEIVING
  -------         ENDMOD        RADIO_ISRECEIVING

  -------         MODULE        RADIO_RX
  C:0000H         SYMBOL        _ICE_DUMMY_
  D:00B6H         PUBLIC        DBUF_ADDR
  C:1A2AH         PUBLIC        radio_rx
  D:00B5H         PUBLIC        DBUF_CPU_RD
  C:3A59H         SYMBOL        Com0019
  C:3A59H         SYMBOL        L?0026
  C:3A5AH         SYMBOL        L?0027
  C:3A69H         SYMBOL        L?0028
  C:3A69H         SYMBOL        L?0029
  C:3A76H         SYMBOL        L?0030
  C:3A86H         SYMBOL        L?0031
  -------         PROC          COM0019
  -------         ENDPROC       COM0019
  -------         PROC          RADIO_RX
  -------         DO            
  D:0063H         SYMBOL        u8NumBytes
  D:0014H         SYMBOL        pu8Data
  D:0017H         SYMBOL        u8CRC
  D:0017H         SYMBOL        u8Idx
  X:030EH         SYMBOL        u8BuffIdx
  -------         DO            
  D:0062H         SYMBOL        u8RORG
  -------         ENDDO         
  -------         ENDDO         
  C:1A2AH         LINE#         17
  C:1A2AH         LINE#         18
  C:1A2AH         LINE#         27
  C:1A30H         LINE#         30
  C:1A38H         LINE#         31
  C:1A38H         LINE#         32
  C:1A41H         LINE#         33
  C:1A41H         LINE#         34
  C:1A46H         LINE#         35
  C:1A48H         LINE#         36
  C:1A48H         LINE#         37
  C:1A4BH         LINE#         39
  C:1A53H         LINE#         40
  C:1A56H         LINE#         43
  C:1A59H         LINE#         44
  C:1A5CH         LINE#         47
  C:1A67H         LINE#         48
  C:1A6AH         LINE#         51
  C:1A6CH         LINE#         52
  C:1A73H         LINE#         54
  C:1A73H         LINE#         55
  C:1A7AH         LINE#         56
  C:1A8BH         LINE#         57
  C:1A92H         LINE#         60
  C:1A99H         LINE#         63
  C:1AA4H         LINE#         64
BL51 BANKED LINKER/LOCATER V6.22                                                      08/07/2014  16:21:17  PAGE 90


  C:1AA7H         LINE#         67
  C:1AC6H         LINE#         68
  C:1ACDH         LINE#         70
  C:1AD3H         LINE#         73
  C:1AD6H         LINE#         74
  C:1ADDH         LINE#         77
  C:1AE2H         LINE#         78
  C:1AE2H         LINE#         79
  C:1AF9H         LINE#         81
  C:1B18H         LINE#         85
  C:1B18H         LINE#         87
  C:1B23H         LINE#         88
  C:1B26H         LINE#         89
  C:1B26H         LINE#         92
  C:1B2BH         LINE#         93
  C:1B2BH         LINE#         96
  C:1B31H         LINE#         97
  C:1B31H         LINE#         99
  C:1B36H         LINE#         100
  C:1B38H         LINE#         102
  C:1B38H         LINE#         104
  C:1B41H         LINE#         105
  C:1B44H         LINE#         106
  C:1B44H         LINE#         107
  C:1B44H         LINE#         108
  C:1B44H         LINE#         111
  C:1B5CH         LINE#         112
  C:1B6FH         LINE#         114
  C:1B80H         LINE#         115
  C:1B91H         LINE#         116
  C:1BADH         LINE#         118
  C:1BB7H         LINE#         119
  C:1BB7H         LINE#         120
  C:1BDEH         LINE#         121
  C:1BE0H         LINE#         123
  C:1BE5H         LINE#         126
  C:1BE8H         LINE#         128
  C:1BEAH         LINE#         129
  -------         ENDPROC       RADIO_RX
  -------         ENDMOD        RADIO_RX

  -------         MODULE        RADIO_CONVERTADVTOCOMRPS
  C:0000H         SYMBOL        _ICE_DUMMY_
  C:29C0H         PUBLIC        _radio_convertAdvToComRPS
  C:3F84H         SYMBOL        Com000D
  C:3F84H         SYMBOL        L?0014
  C:3F84H         SYMBOL        L?0015
  C:3F87H         SYMBOL        L?0016
  C:3F8AH         SYMBOL        L?0017
  -------         PROC          COM000D
  -------         ENDPROC       COM000D
  -------         PROC          _RADIO_CONVERTADVTOCOMRPS
  X:03A2H         SYMBOL        pu8Data
  X:03A5H         SYMBOL        pu8Status
  -------         DO            
  X:03A8H         SYMBOL        u8inputData
  D:0007H         SYMBOL        numOfOnes
BL51 BANKED LINKER/LOCATER V6.22                                                      08/07/2014  16:21:17  PAGE 91


  D:0006H         SYMBOL        i
  C:3EA2H         SYMBOL        firstKeyTable
  C:3EAAH         SYMBOL        secondKeyTable
  C:3EB2H         SYMBOL        u2sKeyTable
  -------         ENDDO         
  C:29C0H         LINE#         16
  C:29CBH         LINE#         17
  C:29CBH         LINE#         34
  C:29D3H         LINE#         36
  C:29D7H         LINE#         39
  C:29E2H         LINE#         41
  C:29EDH         LINE#         44
  C:29F1H         LINE#         45
  C:29F9H         LINE#         49
  C:29FBH         LINE#         50
  C:29FCH         LINE#         51
  C:29FCH         LINE#         52
  C:2A03H         LINE#         53
  C:2A03H         LINE#         54
  C:2A03H         LINE#         55
  C:2A05H         LINE#         56
  C:2A05H         LINE#         58
  C:2A06H         LINE#         61
  C:2A0AH         LINE#         62
  C:2A0AH         LINE#         64
  C:2A12H         LINE#         67
  C:2A1BH         LINE#         69
  C:2A1DH         LINE#         71
  C:2A21H         LINE#         72
  C:2A21H         LINE#         74
  C:2A2FH         LINE#         76
  C:2A2FH         LINE#         79
  C:2A36H         LINE#         80
  C:2A3CH         LINE#         83
  C:2A46H         LINE#         84
  C:2A46H         LINE#         86
  C:2A4EH         LINE#         89
  C:2A53H         LINE#         91
  C:2A60H         LINE#         93
  C:2A60H         LINE#         95
  -------         ENDPROC       _RADIO_CONVERTADVTOCOMRPS
  -------         ENDMOD        RADIO_CONVERTADVTOCOMRPS

  -------         MODULE        RADIO_CONVERTCOMTOADVRPS
  C:0000H         SYMBOL        _ICE_DUMMY_
  C:3ACEH         PUBLIC        _radio_convertComToAdvRPS
  C:4017H         SYMBOL        Com0007
  C:4017H         SYMBOL        L?0008
  C:4017H         SYMBOL        L?0009
  -------         PROC          COM0007
  -------         ENDPROC       COM0007
  -------         PROC          _RADIO_CONVERTCOMTOADVRPS
  D:0001H         SYMBOL        pu8SrcBuff
  D:0005H         SYMBOL        u8State
  -------         DO            
  C:3FA5H         SYMBOL        u8KeyTable
  C:3FADH         SYMBOL        u8U2STable
BL51 BANKED LINKER/LOCATER V6.22                                                      08/07/2014  16:21:17  PAGE 92


  D:0007H         SYMBOL        u8Byte1
  -------         ENDDO         
  C:3ACEH         LINE#         11
  C:3ACEH         LINE#         12
  C:3ACEH         LINE#         17
  C:3AD0H         LINE#         19
  C:3AD7H         LINE#         20
  C:3ADAH         LINE#         23
  C:3ADEH         LINE#         24
  C:3ADEH         LINE#         25
  C:3AE9H         LINE#         27
  C:3AEDH         LINE#         28
  C:3AF7H         LINE#         29
  C:3AF9H         LINE#         32
  C:3AF9H         LINE#         33
  C:3B06H         LINE#         34
  C:3B06H         LINE#         36
  C:3B06H         LINE#         37
  -------         ENDPROC       _RADIO_CONVERTCOMTOADVRPS
  -------         ENDMOD        RADIO_CONVERTCOMTOADVRPS

  -------         MODULE        RADIO_RSSITODBM_ASM
  C:39E0H         SEGMENT       ?PR?_RADIO_RSSITODBM_ASM?RADIO_RSSITODBM_ASM
  C:39E0H         PUBLIC        _RADIO_RSSITODBM_ASM
  D:00E0H         SYMBOL        ACC
  C:3A00H         SYMBOL        COMPESATE_AGC_15DBM
  C:3A09H         SYMBOL        CONT
  D:0082H         SYMBOL        DPL
  C:3A1CH         SYMBOL        ENDE
  C:39E8H         SYMBOL        HIBYTE_IS_NULL
  C:3A10H         SYMBOL        NEXT
  C:3A14H         SYMBOL        SATURATION
  C:39EDH         SYMBOL        SHIFT_TILL_CARRY
  C:39E0H         LINE#         23
  C:39E2H         LINE#         24
  C:39E3H         LINE#         25
  C:39E4H         LINE#         26
  C:39E6H         LINE#         28
  C:39E8H         LINE#         32
  C:39E9H         LINE#         34
  C:39EBH         LINE#         36
  C:39EDH         LINE#         40
  C:39EEH         LINE#         42
  C:39EFH         LINE#         44
  C:39F0H         LINE#         46
  C:39F1H         LINE#         48
  C:39F2H         LINE#         50
  C:39F3H         LINE#         51
  C:39F5H         LINE#         54
  C:39F6H         LINE#         58
  C:39F7H         LINE#         59
  C:39FAH         LINE#         60
  C:39FCH         LINE#         61
  C:39FEH         LINE#         63
  C:39FFH         LINE#         66
  C:3A00H         LINE#         71
  C:3A01H         LINE#         72
BL51 BANKED LINKER/LOCATER V6.22                                                      08/07/2014  16:21:17  PAGE 93


  C:3A04H         LINE#         73
  C:3A05H         LINE#         74
  C:3A06H         LINE#         75
  C:3A08H         LINE#         76
  C:3A09H         LINE#         80
  C:3A0AH         LINE#         81
  C:3A0DH         LINE#         83
  C:3A0EH         LINE#         84
  C:3A0FH         LINE#         85
  C:3A10H         LINE#         89
  C:3A13H         LINE#         90
  C:3A14H         LINE#         94
  C:3A15H         LINE#         95
  C:3A16H         LINE#         96
  C:3A18H         LINE#         97
  C:3A1AH         LINE#         98
  C:3A1CH         LINE#         101
  -------         ENDMOD        RADIO_RSSITODBM_ASM

  -------         MODULE        RADIO_ADVFUNC_ISR
  C:0000H         SYMBOL        _ICE_DUMMY_
  C:2F6BH         PUBLIC        _radio_advGetRORG_isr
  C:2B9EH         PUBLIC        _radio_advGetIDPtr_isr
  -------         PROC          _RADIO_ADVGETRORG_ISR
  X:030FH         SYMBOL        pAdv
  -------         DO            
  D:0064H         SYMBOL        u8Header
  X:0312H         SYMBOL        pu8RORG
  -------         ENDDO         
  C:2F6BH         LINE#         13
  C:2F76H         LINE#         14
  C:2F76H         LINE#         15
  C:2F7BH         LINE#         16
  C:2F8DH         LINE#         18
  C:2FA2H         LINE#         19
  C:2FA5H         LINE#         21
  C:2FABH         LINE#         22
  C:2FAEH         LINE#         25
  C:2FB7H         LINE#         26
  C:2FBEH         LINE#         29
  C:2FC3H         LINE#         30
  C:2FCDH         LINE#         32
  C:2FEBH         LINE#         33
  -------         ENDPROC       _RADIO_ADVGETRORG_ISR
  -------         PROC          _RADIO_ADVGETIDPTR_ISR
  D:0002H         SYMBOL        pAdv
  X:03BDH         SYMBOL        u8IDLength
  -------         DO            
  D:0005H         SYMBOL        u8Header
  D:0004H         SYMBOL        i
  X:03BFH         SYMBOL        pu8ID
  -------         ENDDO         
  C:2B9EH         LINE#         38
  C:2BACH         LINE#         39
  C:2BACH         LINE#         40
  C:2BB2H         LINE#         41
  C:2BBAH         LINE#         42
BL51 BANKED LINKER/LOCATER V6.22                                                      08/07/2014  16:21:17  PAGE 94


  C:2BC7H         LINE#         44
  C:2BD6H         LINE#         45
  C:2BDFH         LINE#         47
  C:2BE5H         LINE#         48
  C:2BECH         LINE#         51
  C:2BF0H         LINE#         52
  C:2BFEH         LINE#         55
  C:2C05H         LINE#         56
  C:2C13H         LINE#         58
  C:2C1EH         LINE#         59
  C:2C28H         LINE#         61
  C:2C35H         LINE#         62
  -------         ENDPROC       _RADIO_ADVGETIDPTR_ISR
  -------         ENDMOD        RADIO_ADVFUNC_ISR

  -------         MODULE        SMACK_VAR
  C:0000H         SYMBOL        _ICE_DUMMY_
  I:008BH         PUBLIC        u8gReclaimRadioIdx
  -------         ENDMOD        SMACK_VAR

  -------         MODULE        ?C?FPADD
  C:0665H         PUBLIC        ?C?FPADD
  C:0661H         PUBLIC        ?C?FPSUB
  -------         ENDMOD        ?C?FPADD

  -------         MODULE        ?C?FPMUL
  C:0756H         PUBLIC        ?C?FPMUL
  -------         ENDMOD        ?C?FPMUL

  -------         MODULE        ?C?FPDIV
  C:085FH         PUBLIC        ?C?FPDIV
  -------         ENDMOD        ?C?FPDIV

  -------         MODULE        ?C?FPCMP
  C:08FEH         PUBLIC        ?C?FPCMP
  C:08FCH         PUBLIC        ?C?FPCMP3
  -------         ENDMOD        ?C?FPCMP

  -------         MODULE        ?C?FCAST
  C:097FH         PUBLIC        ?C?FCASTC
  C:097AH         PUBLIC        ?C?FCASTI
  C:0975H         PUBLIC        ?C?FCASTL
  -------         ENDMOD        ?C?FCAST

  -------         MODULE        ?C?CASTF
  C:09B3H         PUBLIC        ?C?CASTF
  -------         ENDMOD        ?C?CASTF

  -------         MODULE        ?C?LNEG
  C:0A34H         PUBLIC        ?C?LNEG
  -------         ENDMOD        ?C?LNEG

Program Size: data=141.0 xdata=1740 code=16946
LINK/LOCATE RUN COMPLETE.  0 WARNING(S),  0 ERROR(S)
