C51 COMPILER V9.05   LRNTELEGRAM                                                           08/07/2014 16:21:17 PAGE 1   


C51 COMPILER V9.05, COMPILATION OF MODULE LRNTELEGRAM
OBJECT MODULE PLACED IN .\Output\LRNtelegram.obj
COMPILER INVOKED BY: C:\Keil\C51\BIN\C51.EXE LRNtelegram.c LARGE OPTIMIZE(9,SPEED) BROWSE MDU_R515 DEFINE(RELEASE) DEBUG
                    - OBJECTEXTEND PRINT(.\Output\LRNtelegram.lst) OBJECT(.\Output\LRNtelegram.obj)

line level    source

   1          #include "EO3100I_API.h"
   2          #include "LRNtelegram.h"
   3          
   4          // ------------------------------------------------------------------
   5          // Function:    SendLrnTelegram
   6          // Parameters:  none
   7          //              
   8          //              
   9          // Returns:     nothing
  10          // Description: sends a 4BS learn telegram with EEP  
  11          //              
  12          // ------------------------------------------------------------------
  13          
  14          //! Telegram structure to prepare telegram data for sending
  15          TEL_RADIO_TYPE2         data    rTel2;
  16          
  17          void SendLrnTelegram2(void)
  18          {
  19   1              rTel2.raw.bytes[0]      =       0x62;   // Header: Only 48 bit Originator-ID, no extended Header, 4BS telegram
  20   1              rTel2.raw.bytes[1]      =       0;              // Id   
  21   1              rTel2.raw.bytes[2]      =       0;              // Id   
  22   1              rTel2.raw.bytes[3]      =       0;              // Id   
  23   1              rTel2.raw.bytes[4]      =       0;              // Id   
  24   1              rTel2.raw.bytes[5]      =       0;              // Id   
  25   1              rTel2.raw.bytes[6]      =       0;              // Id   
  26   1              rTel2.raw.bytes[7]      =       ((FUNC&0x3F)<<2) | ((TYPE&0x60)>>5);    
  27   1              rTel2.raw.bytes[8]      =       ((TYPE&0x1F)<<3) | ((MANUFACTURER&0x300)>>8);   
  28   1              rTel2.raw.bytes[9]      =       (MANUFACTURER&0xFF);    
  29   1              rTel2.raw.bytes[10]     =       0x80; //(unigactualData.u32DefaultRes.u8DigitalData | MASK_LRN_TYPE)& ~MASK_DI_3;       
  30   1              rTel2.raw.u8Length      =       12;
  31   1      
  32   1              //io_setDigital(ADIO_3,(bit1)1); // switch LED on for indicating sending
  33   1              radio_sendTelegram2(&rTel2, NULL);
  34   1              //io_setDigital(ADIO_3,(bit1)0); // switch LED on for indicating sending
  35   1      }


MODULE INFORMATION:   STATIC OVERLAYABLE
   CODE SIZE        =     51    ----
   CONSTANT SIZE    =   ----    ----
   XDATA SIZE       =   ----    ----
   PDATA SIZE       =   ----    ----
   DATA SIZE        =     45    ----
   IDATA SIZE       =   ----    ----
   BIT SIZE         =   ----    ----
END OF MODULE INFORMATION.


C51 COMPILATION COMPLETE.  0 WARNING(S),  0 ERROR(S)
